#
# There is insufficient memory for the Java Runtime Environment to continue.
# Native memory allocation (malloc) failed to allocate 1406096 bytes. Error detail: Chunk::new
# Possible reasons:
#   The system is out of physical RAM or swap space
#   This process is running with CompressedOops enabled, and the Java Heap may be blocking the growth of the native heap
# Possible solutions:
#   Reduce memory load on the system
#   Increase physical memory or swap space
#   Check if swap backing store is full
#   Decrease Java heap size (-Xmx/-Xms)
#   Decrease number of Java threads
#   Decrease Java thread stack sizes (-Xss)
#   Set larger code cache with -XX:ReservedCodeCacheSize=
#   JVM is running with Zero Based Compressed Oops mode in which the Java heap is
#     placed in the first 32GB address space. The Java Heap base address is the
#     maximum limit for the native heap growth. Please use -XX:HeapBaseMinAddress
#     to set the Java Heap base and to place the Java Heap above 32GB virtual address.
# This output file may be truncated or incomplete.
#
#  Out of Memory Error (arena.cpp:162), pid=31772, tid=27084
#
# JRE version: OpenJDK Runtime Environment (24.0.2+12) (build 24.0.2+12-54)
# Java VM: OpenJDK 64-Bit Server VM (24.0.2+12-54, mixed mode, sharing, tiered, compressed oops, compressed class ptrs, g1 gc, windows-amd64)
# No core dump will be written. Minidumps are not enabled by default on client versions of Windows
#

---------------  S U M M A R Y ------------

Command Line: -javaagent:C:\Users\ASUS\AppData\Local\JetBrains\IntelliJIdea2025.2\captureAgent\debugger-agent.jar=file:///C:/Users/ASUS/AppData/Local/Temp/capture13045741877477765352.props -ea -Didea.test.cyclic.buffer.size=1048576 -javaagent:C:\Program Files\JetBrains\IntelliJ IDEA 2025.2.1\lib\idea_rt.jar=62663 -Dkotlinx.coroutines.debug.enable.creation.stack.trace=false -Ddebugger.agent.enable.coroutines=true -Dkotlinx.coroutines.debug.enable.flows.stack.trace=true -Dkotlinx.coroutines.debug.enable.mutable.state.flows.stack.trace=true -Dfile.encoding=UTF-8 -Dsun.stdout.encoding=UTF-8 -Dsun.stderr.encoding=UTF-8 com.intellij.rt.junit.JUnitStarter -ideVersion5 -junit5 com.jpd.web.EnrollmentServiceTest

Host: 12th Gen Intel(R) Core(TM) i7-12700H, 20 cores, 15G,  Windows 11 , 64 bit Build 26100 (10.0.26100.6725)
Time: Thu Oct 30 21:11:06 2025 SE Asia Standard Time elapsed time: 3.427612 seconds (0d 0h 0m 3s)

---------------  T H R E A D  ---------------

Current thread (0x0000026077752840):  JavaThread "C2 CompilerThread0" daemon [_thread_in_native, id=27084, stack(0x000000f4a6100000,0x000000f4a6200000) (1024K)]


Current CompileTask:
C2:3427  842       4       java.lang.StringLatin1::replace (197 bytes)

Stack: [0x000000f4a6100000,0x000000f4a6200000]
Native frames: (J=compiled Java code, j=interpreted, Vv=VM code, C=native code)
V  [jvm.dll+0x730829]  (no source info available)
V  [jvm.dll+0x8d9da3]  (no source info available)
V  [jvm.dll+0x8dc28d]  (no source info available)
V  [jvm.dll+0x8dc903]  (no source info available)
V  [jvm.dll+0x2a9f56]  (no source info available)
V  [jvm.dll+0xced7f]  (no source info available)
V  [jvm.dll+0xcefdf]  (no source info available)
V  [jvm.dll+0x154c83]  (no source info available)
V  [jvm.dll+0x73604f]  (no source info available)
V  [jvm.dll+0x26f8dc]  (no source info available)
V  [jvm.dll+0x26e8ff]  (no source info available)
V  [jvm.dll+0x1e9c90]  (no source info available)
V  [jvm.dll+0x27e0cb]  (no source info available)
V  [jvm.dll+0x27c36a]  (no source info available)
V  [jvm.dll+0x42f396]  (no source info available)
V  [jvm.dll+0x87d9eb]  (no source info available)
V  [jvm.dll+0x72ef45]  (no source info available)
C  [ucrtbase.dll+0x37b0]  (no source info available)
C  [KERNEL32.DLL+0x2e8d7]  (no source info available)
C  [ntdll.dll+0x8c53c]  (no source info available)

Lock stack of current Java thread (top to bottom):


---------------  P R O C E S S  ---------------

Threads class SMR info:
_java_thread_list=0x0000026050948cb0, length=16, elements={
0x00000260692285b0, 0x000002607774ac20, 0x000002607774b560, 0x000002607774dde0,
0x0000026077750cf0, 0x000002607774eb70, 0x0000026077751ca0, 0x0000026077752840,
0x000002607775ec20, 0x00000260501e6f90, 0x00000260501e93b0, 0x00000260501ce4a0,
0x00000260502db460, 0x00000260503fe860, 0x00000260503b2f70, 0x00000260558eba50
}

Java Threads: ( => current thread )
  0x00000260692285b0 JavaThread "main"                              [_thread_in_Java, id=10896, stack(0x000000f4a5300000,0x000000f4a5400000) (1024K)]
  0x000002607774ac20 JavaThread "Reference Handler"          daemon [_thread_blocked, id=9356, stack(0x000000f4a5b00000,0x000000f4a5c00000) (1024K)]
  0x000002607774b560 JavaThread "Finalizer"                  daemon [_thread_blocked, id=25460, stack(0x000000f4a5c00000,0x000000f4a5d00000) (1024K)]
  0x000002607774dde0 JavaThread "Signal Dispatcher"          daemon [_thread_blocked, id=21692, stack(0x000000f4a5d00000,0x000000f4a5e00000) (1024K)]
  0x0000026077750cf0 JavaThread "Attach Listener"            daemon [_thread_blocked, id=524, stack(0x000000f4a5e00000,0x000000f4a5f00000) (1024K)]
  0x000002607774eb70 JavaThread "Service Thread"             daemon [_thread_blocked, id=24388, stack(0x000000f4a5f00000,0x000000f4a6000000) (1024K)]
  0x0000026077751ca0 JavaThread "Monitor Deflation Thread"   daemon [_thread_blocked, id=35828, stack(0x000000f4a6000000,0x000000f4a6100000) (1024K)]
=>0x0000026077752840 JavaThread "C2 CompilerThread0"         daemon [_thread_in_native, id=27084, stack(0x000000f4a6100000,0x000000f4a6200000) (1024K)]
  0x000002607775ec20 JavaThread "C1 CompilerThread0"         daemon [_thread_blocked, id=26880, stack(0x000000f4a6200000,0x000000f4a6300000) (1024K)]
  0x00000260501e6f90 JavaThread "C1 CompilerThread1"         daemon [_thread_blocked, id=4520, stack(0x000000f4a6300000,0x000000f4a6400000) (1024K)]
  0x00000260501e93b0 JavaThread "C1 CompilerThread2"         daemon [_thread_blocked, id=24436, stack(0x000000f4a6400000,0x000000f4a6500000) (1024K)]
  0x00000260501ce4a0 JavaThread "Common-Cleaner"             daemon [_thread_blocked, id=22216, stack(0x000000f4a6600000,0x000000f4a6700000) (1024K)]
  0x00000260502db460 JavaThread "IntelliJ Suspend Helper"    daemon [_thread_blocked, id=18700, stack(0x000000f4a6700000,0x000000f4a6800000) (1024K)]
  0x00000260503fe860 JavaThread "Monitor Ctrl-Break"         daemon [_thread_in_native, id=19032, stack(0x000000f4a6800000,0x000000f4a6900000) (1024K)]
  0x00000260503b2f70 JavaThread "Notification Thread"        daemon [_thread_blocked, id=6704, stack(0x000000f4a6900000,0x000000f4a6a00000) (1024K)]
  0x00000260558eba50 JavaThread "C2 CompilerThread1"         daemon [_thread_blocked, id=20472, stack(0x000000f4a6500000,0x000000f4a6600000) (1024K)]
Total: 16

Other Threads:
  0x000002607773ba90 VMThread "VM Thread"                           [id=21972, stack(0x000000f4a5a00000,0x000000f4a5b00000) (1024K)]
  0x0000026077676340 WatcherThread "VM Periodic Task Thread"        [id=16144, stack(0x000000f4a5900000,0x000000f4a5a00000) (1024K)]
  0x0000026069292b00 WorkerThread "GC Thread#0"                     [id=34868, stack(0x000000f4a5400000,0x000000f4a5500000) (1024K)]
  0x00000260692a5390 ConcurrentGCThread "G1 Main Marker"            [id=4544, stack(0x000000f4a5500000,0x000000f4a5600000) (1024K)]
  0x00000260775e3020 WorkerThread "G1 Conc#0"                       [id=18036, stack(0x000000f4a5600000,0x000000f4a5700000) (1024K)]
  0x00000260776525f0 ConcurrentGCThread "G1 Refine#0"               [id=13800, stack(0x000000f4a5700000,0x000000f4a5800000) (1024K)]
  0x0000026077652e20 ConcurrentGCThread "G1 Service"                [id=19036, stack(0x000000f4a5800000,0x000000f4a5900000) (1024K)]
Total: 7

Threads with active compile tasks:
C2 CompilerThread0  4555  842       4       java.lang.StringLatin1::replace (197 bytes)
Total: 1

VM state: not at safepoint (normal execution)

VM Mutex/Monitor currently owned by a thread: None

Heap address: 0x0000000705c00000, size: 4004 MB, Compressed Oops mode: Zero based, Oop shift amount: 3

CDS archive(s) mapped at: [0x000002600f000000-0x000002600fd40000-0x000002600fd40000), size 13893632, SharedBaseAddress: 0x000002600f000000, ArchiveRelocationMode: 1.
Compressed class space mapped at: 0x0000026010000000-0x0000026050000000, reserved size: 1073741824
UseCompressedClassPointers 1, UseCompactObjectHeaders 0
Narrow klass pointer bits 32, Max shift 3
Narrow klass base: 0x000002600f000000, Narrow klass shift: 0
Encoding Range: [0x000002600f000000 - 0x000002610f000000), (4294967296 bytes)
Klass Range:    [0x000002600f000000 - 0x0000026050000000), (1090519040 bytes)
Klass ID Range:  [8 - 1090519033) (1090519025)

GC Precious Log:
 CardTable entry size: 512
 Card Set container configuration: InlinePtr #cards 4 size 8 Array Of Cards #cards 16 size 48 Howl #buckets 8 coarsen threshold 3686 Howl Bitmap #cards 512 size 80 coarsen threshold 460 Card regions per heap region 1 cards per card region 4096
 CPUs: 20 total, 20 available
 Memory: 16011M
 Large Page Support: Disabled
 NUMA Support: Disabled
 Compressed Oops: Enabled (Zero based)
 Heap Region Size: 2M
 Heap Min Capacity: 8M
 Heap Initial Capacity: 252M
 Heap Max Capacity: 4004M
 Pre-touch: Disabled
 Parallel Workers: 15
 Concurrent Workers: 4
 Concurrent Refinement Workers: 15
 Periodic GC: Disabled

Heap:
 garbage-first heap   total reserved 4100096K, committed 260096K, used 23664K [0x0000000705c00000, 0x0000000800000000)
  region size 2048K, 13 young (26624K), 0 survivors (0K)
 Metaspace       used 4783K, committed 4928K, reserved 1114112K
  class space    used 370K, committed 448K, reserved 1048576K

Heap Regions: E=young(eden), S=young(survivor), O=old, HS=humongous(starts), HC=humongous(continues), CS=collection set, F=free, TAMS=top-at-mark-start, PB=parsable bottom
|   0|0x0000000705c00000, 0x0000000705c00000, 0x0000000705e00000|  0%| F|  |TAMS 0x0000000705c00000| PB 0x0000000705c00000| Untracked |  0
|   1|0x0000000705e00000, 0x0000000705e00000, 0x0000000706000000|  0%| F|  |TAMS 0x0000000705e00000| PB 0x0000000705e00000| Untracked |  0
|   2|0x0000000706000000, 0x0000000706000000, 0x0000000706200000|  0%| F|  |TAMS 0x0000000706000000| PB 0x0000000706000000| Untracked |  0
|   3|0x0000000706200000, 0x0000000706200000, 0x0000000706400000|  0%| F|  |TAMS 0x0000000706200000| PB 0x0000000706200000| Untracked |  0
|   4|0x0000000706400000, 0x0000000706400000, 0x0000000706600000|  0%| F|  |TAMS 0x0000000706400000| PB 0x0000000706400000| Untracked |  0
|   5|0x0000000706600000, 0x0000000706600000, 0x0000000706800000|  0%| F|  |TAMS 0x0000000706600000| PB 0x0000000706600000| Untracked |  0
|   6|0x0000000706800000, 0x0000000706800000, 0x0000000706a00000|  0%| F|  |TAMS 0x0000000706800000| PB 0x0000000706800000| Untracked |  0
|   7|0x0000000706a00000, 0x0000000706a00000, 0x0000000706c00000|  0%| F|  |TAMS 0x0000000706a00000| PB 0x0000000706a00000| Untracked |  0
|   8|0x0000000706c00000, 0x0000000706c00000, 0x0000000706e00000|  0%| F|  |TAMS 0x0000000706c00000| PB 0x0000000706c00000| Untracked |  0
|   9|0x0000000706e00000, 0x0000000706e00000, 0x0000000707000000|  0%| F|  |TAMS 0x0000000706e00000| PB 0x0000000706e00000| Untracked |  0
|  10|0x0000000707000000, 0x0000000707000000, 0x0000000707200000|  0%| F|  |TAMS 0x0000000707000000| PB 0x0000000707000000| Untracked |  0
|  11|0x0000000707200000, 0x0000000707200000, 0x0000000707400000|  0%| F|  |TAMS 0x0000000707200000| PB 0x0000000707200000| Untracked |  0
|  12|0x0000000707400000, 0x0000000707400000, 0x0000000707600000|  0%| F|  |TAMS 0x0000000707400000| PB 0x0000000707400000| Untracked |  0
|  13|0x0000000707600000, 0x0000000707600000, 0x0000000707800000|  0%| F|  |TAMS 0x0000000707600000| PB 0x0000000707600000| Untracked |  0
|  14|0x0000000707800000, 0x0000000707800000, 0x0000000707a00000|  0%| F|  |TAMS 0x0000000707800000| PB 0x0000000707800000| Untracked |  0
|  15|0x0000000707a00000, 0x0000000707a00000, 0x0000000707c00000|  0%| F|  |TAMS 0x0000000707a00000| PB 0x0000000707a00000| Untracked |  0
|  16|0x0000000707c00000, 0x0000000707c00000, 0x0000000707e00000|  0%| F|  |TAMS 0x0000000707c00000| PB 0x0000000707c00000| Untracked |  0
|  17|0x0000000707e00000, 0x0000000707e00000, 0x0000000708000000|  0%| F|  |TAMS 0x0000000707e00000| PB 0x0000000707e00000| Untracked |  0
|  18|0x0000000708000000, 0x0000000708000000, 0x0000000708200000|  0%| F|  |TAMS 0x0000000708000000| PB 0x0000000708000000| Untracked |  0
|  19|0x0000000708200000, 0x0000000708200000, 0x0000000708400000|  0%| F|  |TAMS 0x0000000708200000| PB 0x0000000708200000| Untracked |  0
|  20|0x0000000708400000, 0x0000000708400000, 0x0000000708600000|  0%| F|  |TAMS 0x0000000708400000| PB 0x0000000708400000| Untracked |  0
|  21|0x0000000708600000, 0x0000000708600000, 0x0000000708800000|  0%| F|  |TAMS 0x0000000708600000| PB 0x0000000708600000| Untracked |  0
|  22|0x0000000708800000, 0x0000000708800000, 0x0000000708a00000|  0%| F|  |TAMS 0x0000000708800000| PB 0x0000000708800000| Untracked |  0
|  23|0x0000000708a00000, 0x0000000708a00000, 0x0000000708c00000|  0%| F|  |TAMS 0x0000000708a00000| PB 0x0000000708a00000| Untracked |  0
|  24|0x0000000708c00000, 0x0000000708c00000, 0x0000000708e00000|  0%| F|  |TAMS 0x0000000708c00000| PB 0x0000000708c00000| Untracked |  0
|  25|0x0000000708e00000, 0x0000000708e00000, 0x0000000709000000|  0%| F|  |TAMS 0x0000000708e00000| PB 0x0000000708e00000| Untracked |  0
|  26|0x0000000709000000, 0x0000000709000000, 0x0000000709200000|  0%| F|  |TAMS 0x0000000709000000| PB 0x0000000709000000| Untracked |  0
|  27|0x0000000709200000, 0x0000000709200000, 0x0000000709400000|  0%| F|  |TAMS 0x0000000709200000| PB 0x0000000709200000| Untracked |  0
|  28|0x0000000709400000, 0x0000000709400000, 0x0000000709600000|  0%| F|  |TAMS 0x0000000709400000| PB 0x0000000709400000| Untracked |  0
|  29|0x0000000709600000, 0x0000000709600000, 0x0000000709800000|  0%| F|  |TAMS 0x0000000709600000| PB 0x0000000709600000| Untracked |  0
|  30|0x0000000709800000, 0x0000000709800000, 0x0000000709a00000|  0%| F|  |TAMS 0x0000000709800000| PB 0x0000000709800000| Untracked |  0
|  31|0x0000000709a00000, 0x0000000709a00000, 0x0000000709c00000|  0%| F|  |TAMS 0x0000000709a00000| PB 0x0000000709a00000| Untracked |  0
|  32|0x0000000709c00000, 0x0000000709c00000, 0x0000000709e00000|  0%| F|  |TAMS 0x0000000709c00000| PB 0x0000000709c00000| Untracked |  0
|  33|0x0000000709e00000, 0x0000000709e00000, 0x000000070a000000|  0%| F|  |TAMS 0x0000000709e00000| PB 0x0000000709e00000| Untracked |  0
|  34|0x000000070a000000, 0x000000070a000000, 0x000000070a200000|  0%| F|  |TAMS 0x000000070a000000| PB 0x000000070a000000| Untracked |  0
|  35|0x000000070a200000, 0x000000070a200000, 0x000000070a400000|  0%| F|  |TAMS 0x000000070a200000| PB 0x000000070a200000| Untracked |  0
|  36|0x000000070a400000, 0x000000070a400000, 0x000000070a600000|  0%| F|  |TAMS 0x000000070a400000| PB 0x000000070a400000| Untracked |  0
|  37|0x000000070a600000, 0x000000070a600000, 0x000000070a800000|  0%| F|  |TAMS 0x000000070a600000| PB 0x000000070a600000| Untracked |  0
|  38|0x000000070a800000, 0x000000070a800000, 0x000000070aa00000|  0%| F|  |TAMS 0x000000070a800000| PB 0x000000070a800000| Untracked |  0
|  39|0x000000070aa00000, 0x000000070aa00000, 0x000000070ac00000|  0%| F|  |TAMS 0x000000070aa00000| PB 0x000000070aa00000| Untracked |  0
|  40|0x000000070ac00000, 0x000000070ac00000, 0x000000070ae00000|  0%| F|  |TAMS 0x000000070ac00000| PB 0x000000070ac00000| Untracked |  0
|  41|0x000000070ae00000, 0x000000070ae00000, 0x000000070b000000|  0%| F|  |TAMS 0x000000070ae00000| PB 0x000000070ae00000| Untracked |  0
|  42|0x000000070b000000, 0x000000070b000000, 0x000000070b200000|  0%| F|  |TAMS 0x000000070b000000| PB 0x000000070b000000| Untracked |  0
|  43|0x000000070b200000, 0x000000070b200000, 0x000000070b400000|  0%| F|  |TAMS 0x000000070b200000| PB 0x000000070b200000| Untracked |  0
|  44|0x000000070b400000, 0x000000070b400000, 0x000000070b600000|  0%| F|  |TAMS 0x000000070b400000| PB 0x000000070b400000| Untracked |  0
|  45|0x000000070b600000, 0x000000070b600000, 0x000000070b800000|  0%| F|  |TAMS 0x000000070b600000| PB 0x000000070b600000| Untracked |  0
|  46|0x000000070b800000, 0x000000070b800000, 0x000000070ba00000|  0%| F|  |TAMS 0x000000070b800000| PB 0x000000070b800000| Untracked |  0
|  47|0x000000070ba00000, 0x000000070ba00000, 0x000000070bc00000|  0%| F|  |TAMS 0x000000070ba00000| PB 0x000000070ba00000| Untracked |  0
|  48|0x000000070bc00000, 0x000000070bc00000, 0x000000070be00000|  0%| F|  |TAMS 0x000000070bc00000| PB 0x000000070bc00000| Untracked |  0
|  49|0x000000070be00000, 0x000000070be00000, 0x000000070c000000|  0%| F|  |TAMS 0x000000070be00000| PB 0x000000070be00000| Untracked |  0
|  50|0x000000070c000000, 0x000000070c000000, 0x000000070c200000|  0%| F|  |TAMS 0x000000070c000000| PB 0x000000070c000000| Untracked |  0
|  51|0x000000070c200000, 0x000000070c200000, 0x000000070c400000|  0%| F|  |TAMS 0x000000070c200000| PB 0x000000070c200000| Untracked |  0
|  52|0x000000070c400000, 0x000000070c400000, 0x000000070c600000|  0%| F|  |TAMS 0x000000070c400000| PB 0x000000070c400000| Untracked |  0
|  53|0x000000070c600000, 0x000000070c600000, 0x000000070c800000|  0%| F|  |TAMS 0x000000070c600000| PB 0x000000070c600000| Untracked |  0
|  54|0x000000070c800000, 0x000000070c800000, 0x000000070ca00000|  0%| F|  |TAMS 0x000000070c800000| PB 0x000000070c800000| Untracked |  0
|  55|0x000000070ca00000, 0x000000070ca00000, 0x000000070cc00000|  0%| F|  |TAMS 0x000000070ca00000| PB 0x000000070ca00000| Untracked |  0
|  56|0x000000070cc00000, 0x000000070cc00000, 0x000000070ce00000|  0%| F|  |TAMS 0x000000070cc00000| PB 0x000000070cc00000| Untracked |  0
|  57|0x000000070ce00000, 0x000000070ce00000, 0x000000070d000000|  0%| F|  |TAMS 0x000000070ce00000| PB 0x000000070ce00000| Untracked |  0
|  58|0x000000070d000000, 0x000000070d000000, 0x000000070d200000|  0%| F|  |TAMS 0x000000070d000000| PB 0x000000070d000000| Untracked |  0
|  59|0x000000070d200000, 0x000000070d200000, 0x000000070d400000|  0%| F|  |TAMS 0x000000070d200000| PB 0x000000070d200000| Untracked |  0
|  60|0x000000070d400000, 0x000000070d400000, 0x000000070d600000|  0%| F|  |TAMS 0x000000070d400000| PB 0x000000070d400000| Untracked |  0
|  61|0x000000070d600000, 0x000000070d600000, 0x000000070d800000|  0%| F|  |TAMS 0x000000070d600000| PB 0x000000070d600000| Untracked |  0
|  62|0x000000070d800000, 0x000000070d800000, 0x000000070da00000|  0%| F|  |TAMS 0x000000070d800000| PB 0x000000070d800000| Untracked |  0
|  63|0x000000070da00000, 0x000000070da00000, 0x000000070dc00000|  0%| F|  |TAMS 0x000000070da00000| PB 0x000000070da00000| Untracked |  0
|  64|0x000000070dc00000, 0x000000070dc00000, 0x000000070de00000|  0%| F|  |TAMS 0x000000070dc00000| PB 0x000000070dc00000| Untracked |  0
|  65|0x000000070de00000, 0x000000070de00000, 0x000000070e000000|  0%| F|  |TAMS 0x000000070de00000| PB 0x000000070de00000| Untracked |  0
|  66|0x000000070e000000, 0x000000070e000000, 0x000000070e200000|  0%| F|  |TAMS 0x000000070e000000| PB 0x000000070e000000| Untracked |  0
|  67|0x000000070e200000, 0x000000070e200000, 0x000000070e400000|  0%| F|  |TAMS 0x000000070e200000| PB 0x000000070e200000| Untracked |  0
|  68|0x000000070e400000, 0x000000070e400000, 0x000000070e600000|  0%| F|  |TAMS 0x000000070e400000| PB 0x000000070e400000| Untracked |  0
|  69|0x000000070e600000, 0x000000070e600000, 0x000000070e800000|  0%| F|  |TAMS 0x000000070e600000| PB 0x000000070e600000| Untracked |  0
|  70|0x000000070e800000, 0x000000070e800000, 0x000000070ea00000|  0%| F|  |TAMS 0x000000070e800000| PB 0x000000070e800000| Untracked |  0
|  71|0x000000070ea00000, 0x000000070ea00000, 0x000000070ec00000|  0%| F|  |TAMS 0x000000070ea00000| PB 0x000000070ea00000| Untracked |  0
|  72|0x000000070ec00000, 0x000000070ec00000, 0x000000070ee00000|  0%| F|  |TAMS 0x000000070ec00000| PB 0x000000070ec00000| Untracked |  0
|  73|0x000000070ee00000, 0x000000070ee00000, 0x000000070f000000|  0%| F|  |TAMS 0x000000070ee00000| PB 0x000000070ee00000| Untracked |  0
|  74|0x000000070f000000, 0x000000070f000000, 0x000000070f200000|  0%| F|  |TAMS 0x000000070f000000| PB 0x000000070f000000| Untracked |  0
|  75|0x000000070f200000, 0x000000070f200000, 0x000000070f400000|  0%| F|  |TAMS 0x000000070f200000| PB 0x000000070f200000| Untracked |  0
|  76|0x000000070f400000, 0x000000070f400000, 0x000000070f600000|  0%| F|  |TAMS 0x000000070f400000| PB 0x000000070f400000| Untracked |  0
|  77|0x000000070f600000, 0x000000070f600000, 0x000000070f800000|  0%| F|  |TAMS 0x000000070f600000| PB 0x000000070f600000| Untracked |  0
|  78|0x000000070f800000, 0x000000070f800000, 0x000000070fa00000|  0%| F|  |TAMS 0x000000070f800000| PB 0x000000070f800000| Untracked |  0
|  79|0x000000070fa00000, 0x000000070fa00000, 0x000000070fc00000|  0%| F|  |TAMS 0x000000070fa00000| PB 0x000000070fa00000| Untracked |  0
|  80|0x000000070fc00000, 0x000000070fc00000, 0x000000070fe00000|  0%| F|  |TAMS 0x000000070fc00000| PB 0x000000070fc00000| Untracked |  0
|  81|0x000000070fe00000, 0x000000070fe00000, 0x0000000710000000|  0%| F|  |TAMS 0x000000070fe00000| PB 0x000000070fe00000| Untracked |  0
|  82|0x0000000710000000, 0x0000000710000000, 0x0000000710200000|  0%| F|  |TAMS 0x0000000710000000| PB 0x0000000710000000| Untracked |  0
|  83|0x0000000710200000, 0x0000000710200000, 0x0000000710400000|  0%| F|  |TAMS 0x0000000710200000| PB 0x0000000710200000| Untracked |  0
|  84|0x0000000710400000, 0x0000000710400000, 0x0000000710600000|  0%| F|  |TAMS 0x0000000710400000| PB 0x0000000710400000| Untracked |  0
|  85|0x0000000710600000, 0x0000000710600000, 0x0000000710800000|  0%| F|  |TAMS 0x0000000710600000| PB 0x0000000710600000| Untracked |  0
|  86|0x0000000710800000, 0x0000000710800000, 0x0000000710a00000|  0%| F|  |TAMS 0x0000000710800000| PB 0x0000000710800000| Untracked |  0
|  87|0x0000000710a00000, 0x0000000710a00000, 0x0000000710c00000|  0%| F|  |TAMS 0x0000000710a00000| PB 0x0000000710a00000| Untracked |  0
|  88|0x0000000710c00000, 0x0000000710c00000, 0x0000000710e00000|  0%| F|  |TAMS 0x0000000710c00000| PB 0x0000000710c00000| Untracked |  0
|  89|0x0000000710e00000, 0x0000000710e00000, 0x0000000711000000|  0%| F|  |TAMS 0x0000000710e00000| PB 0x0000000710e00000| Untracked |  0
|  90|0x0000000711000000, 0x0000000711000000, 0x0000000711200000|  0%| F|  |TAMS 0x0000000711000000| PB 0x0000000711000000| Untracked |  0
|  91|0x0000000711200000, 0x0000000711200000, 0x0000000711400000|  0%| F|  |TAMS 0x0000000711200000| PB 0x0000000711200000| Untracked |  0
|  92|0x0000000711400000, 0x0000000711400000, 0x0000000711600000|  0%| F|  |TAMS 0x0000000711400000| PB 0x0000000711400000| Untracked |  0
|  93|0x0000000711600000, 0x0000000711600000, 0x0000000711800000|  0%| F|  |TAMS 0x0000000711600000| PB 0x0000000711600000| Untracked |  0
|  94|0x0000000711800000, 0x0000000711800000, 0x0000000711a00000|  0%| F|  |TAMS 0x0000000711800000| PB 0x0000000711800000| Untracked |  0
|  95|0x0000000711a00000, 0x0000000711a00000, 0x0000000711c00000|  0%| F|  |TAMS 0x0000000711a00000| PB 0x0000000711a00000| Untracked |  0
|  96|0x0000000711c00000, 0x0000000711c00000, 0x0000000711e00000|  0%| F|  |TAMS 0x0000000711c00000| PB 0x0000000711c00000| Untracked |  0
|  97|0x0000000711e00000, 0x0000000711e00000, 0x0000000712000000|  0%| F|  |TAMS 0x0000000711e00000| PB 0x0000000711e00000| Untracked |  0
|  98|0x0000000712000000, 0x0000000712000000, 0x0000000712200000|  0%| F|  |TAMS 0x0000000712000000| PB 0x0000000712000000| Untracked |  0
|  99|0x0000000712200000, 0x0000000712200000, 0x0000000712400000|  0%| F|  |TAMS 0x0000000712200000| PB 0x0000000712200000| Untracked |  0
| 100|0x0000000712400000, 0x0000000712400000, 0x0000000712600000|  0%| F|  |TAMS 0x0000000712400000| PB 0x0000000712400000| Untracked |  0
| 101|0x0000000712600000, 0x0000000712600000, 0x0000000712800000|  0%| F|  |TAMS 0x0000000712600000| PB 0x0000000712600000| Untracked |  0
| 102|0x0000000712800000, 0x0000000712800000, 0x0000000712a00000|  0%| F|  |TAMS 0x0000000712800000| PB 0x0000000712800000| Untracked |  0
| 103|0x0000000712a00000, 0x0000000712a00000, 0x0000000712c00000|  0%| F|  |TAMS 0x0000000712a00000| PB 0x0000000712a00000| Untracked |  0
| 104|0x0000000712c00000, 0x0000000712c00000, 0x0000000712e00000|  0%| F|  |TAMS 0x0000000712c00000| PB 0x0000000712c00000| Untracked |  0
| 105|0x0000000712e00000, 0x0000000712e00000, 0x0000000713000000|  0%| F|  |TAMS 0x0000000712e00000| PB 0x0000000712e00000| Untracked |  0
| 106|0x0000000713000000, 0x0000000713000000, 0x0000000713200000|  0%| F|  |TAMS 0x0000000713000000| PB 0x0000000713000000| Untracked |  0
| 107|0x0000000713200000, 0x0000000713200000, 0x0000000713400000|  0%| F|  |TAMS 0x0000000713200000| PB 0x0000000713200000| Untracked |  0
| 108|0x0000000713400000, 0x0000000713400000, 0x0000000713600000|  0%| F|  |TAMS 0x0000000713400000| PB 0x0000000713400000| Untracked |  0
| 109|0x0000000713600000, 0x0000000713600000, 0x0000000713800000|  0%| F|  |TAMS 0x0000000713600000| PB 0x0000000713600000| Untracked |  0
| 110|0x0000000713800000, 0x0000000713800000, 0x0000000713a00000|  0%| F|  |TAMS 0x0000000713800000| PB 0x0000000713800000| Untracked |  0
| 111|0x0000000713a00000, 0x0000000713a00000, 0x0000000713c00000|  0%| F|  |TAMS 0x0000000713a00000| PB 0x0000000713a00000| Untracked |  0
| 112|0x0000000713c00000, 0x0000000713c00000, 0x0000000713e00000|  0%| F|  |TAMS 0x0000000713c00000| PB 0x0000000713c00000| Untracked |  0
| 113|0x0000000713e00000, 0x0000000713fef0b8, 0x0000000714000000| 96%| E|  |TAMS 0x0000000713e00000| PB 0x0000000713e00000| Complete |  0
| 114|0x0000000714000000, 0x0000000714200000, 0x0000000714200000|100%| E|CS|TAMS 0x0000000714000000| PB 0x0000000714000000| Complete |  0
| 115|0x0000000714200000, 0x0000000714400000, 0x0000000714400000|100%| E|CS|TAMS 0x0000000714200000| PB 0x0000000714200000| Complete |  0
| 116|0x0000000714400000, 0x0000000714600000, 0x0000000714600000|100%| E|CS|TAMS 0x0000000714400000| PB 0x0000000714400000| Complete |  0
| 117|0x0000000714600000, 0x0000000714800000, 0x0000000714800000|100%| E|CS|TAMS 0x0000000714600000| PB 0x0000000714600000| Complete |  0
| 118|0x0000000714800000, 0x0000000714a00000, 0x0000000714a00000|100%| E|  |TAMS 0x0000000714800000| PB 0x0000000714800000| Complete |  0
| 119|0x0000000714a00000, 0x0000000714c00000, 0x0000000714c00000|100%| E|CS|TAMS 0x0000000714a00000| PB 0x0000000714a00000| Complete |  0
| 120|0x0000000714c00000, 0x0000000714e00000, 0x0000000714e00000|100%| E|CS|TAMS 0x0000000714c00000| PB 0x0000000714c00000| Complete |  0
| 121|0x0000000714e00000, 0x0000000715000000, 0x0000000715000000|100%| E|CS|TAMS 0x0000000714e00000| PB 0x0000000714e00000| Complete |  0
| 122|0x0000000715000000, 0x0000000715200000, 0x0000000715200000|100%| E|CS|TAMS 0x0000000715000000| PB 0x0000000715000000| Complete |  0
| 123|0x0000000715200000, 0x0000000715400000, 0x0000000715400000|100%| E|CS|TAMS 0x0000000715200000| PB 0x0000000715200000| Complete |  0
| 124|0x0000000715400000, 0x0000000715600000, 0x0000000715600000|100%| E|CS|TAMS 0x0000000715400000| PB 0x0000000715400000| Complete |  0
| 125|0x0000000715600000, 0x0000000715800000, 0x0000000715800000|100%| E|CS|TAMS 0x0000000715600000| PB 0x0000000715600000| Complete |  0
|2001|0x00000007ffe00000, 0x00000007fff1c330, 0x0000000800000000| 55%| O|  |TAMS 0x00000007ffe00000| PB 0x00000007ffe00000| Untracked |  0

Card table byte_map: [0x0000026072e30000,0x0000026073610000] _byte_map_base: 0x000002606f602000

Marking Bits: (CMBitMap*) 0x0000026069293120
 Bits: [0x0000026073610000, 0x00000260774a0000)

Polling page: 0x0000026066cd0000

Metaspace:

Usage:
  Non-class:      4.34 MB used.
      Class:    378.39 KB used.
       Both:      4.71 MB used.

Virtual space:
  Non-class space:       64.00 MB reserved,       4.38 MB (  7%) committed,  1 nodes.
      Class space:        1.00 GB reserved,     448.00 KB ( <1%) committed,  1 nodes.
             Both:        1.06 GB reserved,       4.81 MB ( <1%) committed. 

Chunk freelists:
   Non-Class:  11.56 MB
       Class:  15.55 MB
        Both:  27.11 MB

MaxMetaspaceSize: unlimited
CompressedClassSpaceSize: 1.00 GB
Initial GC threshold: 21.00 MB
Current GC threshold: 21.00 MB
CDS: on
 - commit_granule_bytes: 65536.
 - commit_granule_words: 8192.
 - virtual_space_node_default_size: 8388608.
 - enlarge_chunks_in_place: 1.
UseCompressedClassPointers 1, UseCompactObjectHeaders 0
Narrow klass pointer bits 32, Max shift 3
Narrow klass base: 0x000002600f000000, Narrow klass shift: 0
Encoding Range: [0x000002600f000000 - 0x000002610f000000), (4294967296 bytes)
Klass Range:    [0x000002600f000000 - 0x0000026050000000), (1090519040 bytes)
Klass ID Range:  [8 - 1090519033) (1090519025)


Internal statistics:

num_allocs_failed_limit: 0.
num_arena_births: 40.
num_arena_deaths: 0.
num_vsnodes_births: 2.
num_vsnodes_deaths: 0.
num_space_committed: 77.
num_space_uncommitted: 0.
num_chunks_returned_to_freelist: 0.
num_chunks_taken_from_freelist: 73.
num_chunk_merges: 0.
num_chunk_splits: 44.
num_chunks_enlarged: 30.
num_inconsistent_stats: 0.

CodeHeap 'non-profiled nmethods': size=119232Kb used=257Kb max_used=257Kb free=118974Kb
 bounds [0x0000026007b90000, 0x0000026007e00000, 0x000002600f000000]
CodeHeap 'profiled nmethods': size=119104Kb used=1406Kb max_used=1406Kb free=117697Kb
 bounds [0x0000026000000000, 0x0000026000270000, 0x0000026007450000]
CodeHeap 'non-nmethods': size=7424Kb used=2412Kb max_used=2996Kb free=5011Kb
 bounds [0x0000026007450000, 0x0000026007750000, 0x0000026007b90000]
CodeCache: size=245760Kb, used=4075Kb, max_used=4659Kb, free=241682Kb
 total_blobs=1408, nmethods=957, adapters=354, full_count=0
Compilation: enabled, stopped_count=0, restarted_count=0

Compilation events (20 events):
Event: 2.401 Thread 0x00000260501e6f90  836       3       java.io.WinNTFileSystem::hashCode (18 bytes)
Event: 2.401 Thread 0x000002607775ec20 nmethod 834 0x000002600012be08 code [0x000002600012bf40, 0x000002600012c210]
Event: 2.401 Thread 0x00000260504b5b80 nmethod 833 0x000002600012c288 code [0x000002600012c400, 0x000002600012c908]
Event: 2.401 Thread 0x00000260501e6f90 nmethod 836 0x000002600012c988 code [0x000002600012cae0, 0x000002600012cfd8]
Event: 2.401 Thread 0x00000260501e93b0 nmethod 835 0x000002600012d088 code [0x000002600012d200, 0x000002600012d770]
Event: 2.403 Thread 0x00000260501e93b0  837       3       sun.nio.fs.NativeBuffers::releaseNativeBuffer (97 bytes)
Event: 2.404 Thread 0x00000260501e93b0 nmethod 837 0x000002600012d808 code [0x000002600012dae0, 0x000002600012f680]
Event: 2.404 Thread 0x000002607775ec20  838       3       java.util.jar.JarFile::getManEntry (39 bytes)
Event: 2.404 Thread 0x000002607775ec20 nmethod 838 0x000002600012f788 code [0x000002600012f8c0, 0x000002600012fc60]
Event: 2.406 Thread 0x000002607775ec20  839   !   3       java.util.zip.ZipFile$ZipFileInputStream::read (135 bytes)
Event: 2.406 Thread 0x00000260501e93b0  840       3       java.util.zip.ZipFile::ensureOpenOrZipException (19 bytes)
Event: 2.406 Thread 0x00000260501e6f90  841       3       java.util.zip.ZipFile$ZipFileInputStream::initDataOffset (117 bytes)
Event: 2.407 Thread 0x00000260501e93b0 nmethod 840 0x000002600012fc88 code [0x000002600012fdc0, 0x000002600012ff88]
Event: 2.407 Thread 0x000002607775ec20 nmethod 839 0x0000026000130008 code [0x00000260001301a0, 0x0000026000130908]
Event: 2.407 Thread 0x00000260501e6f90 nmethod 841 0x0000026000130988 code [0x0000026000130b20, 0x00000260001310e8]
Event: 2.408 Thread 0x0000026077752840  842       4       java.lang.StringLatin1::replace (197 bytes)
Event: 2.412 Thread 0x00000260501e93b0  843       3       jdk.internal.loader.URLClassPath::getLoader (124 bytes)
Event: 2.414 Thread 0x00000260501e93b0 nmethod 843 0x0000026000131188 code [0x0000026000131420, 0x0000026000132e68]
Event: 2.415 Thread 0x00000260501e93b0  844       3       java.lang.StringLatin1::regionMatchesCI (45 bytes)
Event: 2.416 Thread 0x00000260501e93b0 nmethod 844 0x0000026000132f08 code [0x0000026000133040, 0x00000260001332e8]

GC Heap History (0 events):
No events

Dll operation events (9 events):
Event: 0.018 Loaded shared library C:\Users\ASUS\.jdks\openjdk-24.0.2+12-54\bin\java.dll
Event: 0.020 Loaded shared library C:\Users\ASUS\.jdks\openjdk-24.0.2+12-54\bin\zip.dll
Event: 0.294 Loaded shared library C:\Users\ASUS\.jdks\openjdk-24.0.2+12-54\bin\jsvml.dll
Event: 0.589 Loaded shared library C:\Users\ASUS\.jdks\openjdk-24.0.2+12-54\bin\instrument.dll
Event: 0.679 Loaded shared library C:\Users\ASUS\.jdks\openjdk-24.0.2+12-54\bin\net.dll
Event: 0.681 Loaded shared library C:\Users\ASUS\.jdks\openjdk-24.0.2+12-54\bin\nio.dll
Event: 0.718 Loaded shared library C:\Users\ASUS\.jdks\openjdk-24.0.2+12-54\bin\zip.dll
Event: 1.781 Loaded shared library C:\Users\ASUS\.jdks\openjdk-24.0.2+12-54\bin\extnet.dll
Event: 2.391 Loaded shared library C:\Users\ASUS\.jdks\openjdk-24.0.2+12-54\bin\jimage.dll

Deoptimization events (20 events):
Event: 0.644 Thread 0x00000260692285b0 Uncommon trap: trap_request=0xffffffde fr.pc=0x0000026007ba2f54 relative=0x00000000000006b4
Event: 0.644 Thread 0x00000260692285b0 Uncommon trap: reason=class_check action=maybe_recompile pc=0x0000026007ba2f54 method=java.util.HashMap.putVal(ILjava/lang/Object;Ljava/lang/Object;ZZ)Ljava/lang/Object; @ 106 c2
Event: 0.644 Thread 0x00000260692285b0 DEOPT PACKING pc=0x0000026007ba2f54 sp=0x000000f4a53fc610
Event: 0.644 Thread 0x00000260692285b0 DEOPT UNPACKING pc=0x0000026007566b02 sp=0x000000f4a53fc598 mode 2
Event: 0.648 Thread 0x00000260692285b0 DEOPT PACKING pc=0x0000026000005596 sp=0x000000f4a53fc7a0
Event: 0.648 Thread 0x00000260692285b0 DEOPT UNPACKING pc=0x00000260074a5722 sp=0x000000f4a53fbbe0 mode 0
Event: 0.734 Thread 0x00000260692285b0 Uncommon trap: trap_request=0xffffff4d fr.pc=0x0000026007ba8618 relative=0x00000000000004d8
Event: 0.734 Thread 0x00000260692285b0 Uncommon trap: reason=unstable_if action=reinterpret pc=0x0000026007ba8618 method=java.lang.StringLatin1.replace([BCC)Ljava/lang/String; @ 19 c2
Event: 0.734 Thread 0x00000260692285b0 DEOPT PACKING pc=0x0000026007ba8618 sp=0x000000f4a53ff2a0
Event: 0.734 Thread 0x00000260692285b0 DEOPT UNPACKING pc=0x0000026007566b02 sp=0x000000f4a53ff220 mode 2
Event: 1.767 Thread 0x00000260692285b0 DEOPT PACKING pc=0x000002600003d69b sp=0x000000f4a53fa470
Event: 1.767 Thread 0x00000260692285b0 DEOPT UNPACKING pc=0x00000260074a5722 sp=0x000000f4a53f98d8 mode 0
Event: 1.869 Thread 0x00000260692285b0 DEOPT PACKING pc=0x000002600007cf78 sp=0x000000f4a53fa790
Event: 1.869 Thread 0x00000260692285b0 DEOPT UNPACKING pc=0x00000260074a5722 sp=0x000000f4a53f9c68 mode 0
Event: 2.281 Thread 0x00000260692285b0 DEOPT PACKING pc=0x000002600000728b sp=0x000000f4a53fc640
Event: 2.281 Thread 0x00000260692285b0 DEOPT UNPACKING pc=0x00000260074a5722 sp=0x000000f4a53fbad8 mode 0
Event: 2.347 Thread 0x00000260692285b0 Uncommon trap: trap_request=0xffffff4d fr.pc=0x0000026007bac1f8 relative=0x0000000000000078
Event: 2.347 Thread 0x00000260692285b0 Uncommon trap: reason=unstable_if action=reinterpret pc=0x0000026007bac1f8 method=jdk.internal.misc.Unsafe.convEndian(ZS)S @ 4 c2
Event: 2.347 Thread 0x00000260692285b0 DEOPT PACKING pc=0x0000026007bac1f8 sp=0x000000f4a53fe300
Event: 2.347 Thread 0x00000260692285b0 DEOPT UNPACKING pc=0x0000026007566b02 sp=0x000000f4a53fe230 mode 2

Classes loaded (20 events):
Event: 2.380 Loading class java/util/stream/MatchOps$1MatchSink
Event: 2.380 Loading class java/util/stream/MatchOps$1MatchSink done
Event: 2.381 Loading class jdk/internal/logger/BootstrapLogger
Event: 2.382 Loading class jdk/internal/logger/BootstrapLogger done
Event: 2.386 Loading class jdk/internal/module/SystemModuleFinders$SystemModuleReader
Event: 2.386 Loading class jdk/internal/module/SystemModuleFinders$SystemModuleReader done
Event: 2.388 Loading class jdk/internal/jimage/ImageReader$SharedImageReader
Event: 2.389 Loading class jdk/internal/jimage/ImageReader$SharedImageReader done
Event: 2.389 Loading class jdk/internal/jimage/BasicImageReader$1
Event: 2.389 Loading class jdk/internal/jimage/BasicImageReader$1 done
Event: 2.390 Loading class jdk/internal/jimage/NativeImageBuffer$1
Event: 2.390 Loading class jdk/internal/jimage/NativeImageBuffer$1 done
Event: 2.392 Loading class java/nio/DirectIntBufferU
Event: 2.392 Loading class java/nio/DirectIntBufferU done
Event: 2.392 Loading class java/nio/DirectByteBufferR
Event: 2.393 Loading class java/nio/DirectByteBufferR done
Event: 2.393 Loading class java/nio/DirectIntBufferRU
Event: 2.393 Loading class java/nio/DirectIntBufferRU done
Event: 2.393 Loading class jdk/internal/jimage/ImageStringsReader
Event: 2.393 Loading class jdk/internal/jimage/ImageStringsReader done

Classes unloaded (0 events):
No events

Classes redefined (1 events):
Event: 0.652 Thread 0x000002607773ba90 redefined class name=java.lang.Throwable, count=1

Internal exceptions (9 events):
Event: 0.591 Thread 0x00000260692285b0 Exception <a 'java/lang/NoSuchMethodError'{0x00000007154bdc40}: 'void java.lang.invoke.DirectMethodHandle$Holder.invokeStatic(java.lang.Object, java.lang.Object, java.lang.Object)'> (0x00000007154bdc40) 
thrown [s\open\src\hotspot\share\interpreter\linkResolver.cpp, line 805]
Event: 0.602 Thread 0x00000260692285b0 Exception <a 'java/lang/NoSuchMethodError'{0x00000007154f2800}: 'java.lang.Object java.lang.invoke.Invokers$Holder.invokeExact_MT(java.lang.Object, java.lang.Object, java.lang.Object, java.lang.Object, java.lang.Object)'> (0x00000007154f2800) 
thrown [s\open\src\hotspot\share\interpreter\linkResolver.cpp, line 805]
Event: 1.774 Thread 0x00000260503fe860 Exception <a 'java/lang/NoSuchMethodError'{0x000000071515e5b8}: 'java.lang.Object java.lang.invoke.DirectMethodHandle$Holder.invokeStaticInit(java.lang.Object)'> (0x000000071515e5b8) 
thrown [s\open\src\hotspot\share\interpreter\linkResolver.cpp, line 805]
Event: 1.791 Thread 0x00000260503fe860 Exception <a 'java/lang/NoSuchMethodError'{0x000000071516c070}: 'void java.lang.invoke.DirectMethodHandle$Holder.invokeStatic(java.lang.Object, java.lang.Object)'> (0x000000071516c070) 
thrown [s\open\src\hotspot\share\interpreter\linkResolver.cpp, line 805]
Event: 2.259 Thread 0x00000260692285b0 Exception <a 'java/lang/NoSuchMethodError'{0x00000007145862c8}: 'java.lang.Object java.lang.invoke.DirectMethodHandle$Holder.invokeStaticInit(java.lang.Object, int)'> (0x00000007145862c8) 
thrown [s\open\src\hotspot\share\interpreter\linkResolver.cpp, line 805]
Event: 2.286 Thread 0x00000260692285b0 Exception <a 'java/lang/NoSuchMethodError'{0x00000007145f37c0}: 'long java.lang.invoke.DirectMethodHandle$Holder.invokeSpecial(java.lang.Object, java.lang.Object)'> (0x00000007145f37c0) 
thrown [s\open\src\hotspot\share\interpreter\linkResolver.cpp, line 805]
Event: 2.289 Thread 0x00000260692285b0 Exception <a 'java/lang/NoSuchMethodError'{0x00000007145fb698}: 'long java.lang.invoke.Invokers$Holder.invokeExact_MT(java.lang.Object, java.lang.Object)'> (0x00000007145fb698) 
thrown [s\open\src\hotspot\share\interpreter\linkResolver.cpp, line 805]
Event: 2.302 Thread 0x00000260692285b0 Exception <a 'java/lang/NoSuchMethodError'{0x0000000714245398}: 'java.lang.Object java.lang.invoke.DirectMethodHandle$Holder.invokeInterface(java.lang.Object, java.lang.Object)'> (0x0000000714245398) 
thrown [s\open\src\hotspot\share\interpreter\linkResolver.cpp, line 805]
Event: 2.329 Thread 0x00000260692285b0 Exception <a 'java/lang/NoSuchMethodError'{0x00000007142aac38}: 'void java.lang.invoke.DirectMethodHandle$Holder.invokeSpecial(java.lang.Object, java.lang.Object, java.lang.Object)'> (0x00000007142aac38) 
thrown [s\open\src\hotspot\share\interpreter\linkResolver.cpp, line 805]

VM Operations (6 events):
Event: 0.570 Executing VM operation: HandshakeAllThreads (Deoptimize)
Event: 0.570 Executing VM operation: HandshakeAllThreads (Deoptimize) done
Event: 0.651 Executing VM operation: RedefineClasses
Event: 0.653 Executing VM operation: RedefineClasses done
Event: 2.280 Executing VM operation: HandshakeAllThreads (Deoptimize)
Event: 2.280 Executing VM operation: HandshakeAllThreads (Deoptimize) done

Memory protections (0 events):
No events

Nmethod flushes (0 events):
No events

Events (20 events):
Event: 0.290 Thread 0x00000260692285b0 Thread added: 0x000002607774b560
Event: 0.291 Thread 0x00000260692285b0 Thread added: 0x000002607774dde0
Event: 0.291 Thread 0x00000260692285b0 Thread added: 0x0000026077750cf0
Event: 0.291 Thread 0x00000260692285b0 Thread added: 0x000002607774eb70
Event: 0.291 Thread 0x00000260692285b0 Thread added: 0x0000026077751ca0
Event: 0.291 Thread 0x00000260692285b0 Thread added: 0x0000026077752840
Event: 0.291 Thread 0x00000260692285b0 Thread added: 0x000002607775ec20
Event: 0.570 Thread 0x000002607775ec20 Thread added: 0x00000260501e6f90
Event: 0.571 Thread 0x00000260501e6f90 Thread added: 0x00000260501e93b0
Event: 0.580 Thread 0x000002607775ec20 Thread added: 0x0000026050213330
Event: 0.621 Thread 0x00000260692285b0 Thread added: 0x00000260501ce4a0
Event: 0.653 Thread 0x00000260692285b0 Thread added: 0x00000260502db460
Event: 0.733 Thread 0x00000260692285b0 Thread added: 0x00000260503fe860
Event: 0.733 Thread 0x00000260692285b0 Thread added: 0x00000260503b2f70
Event: 0.767 Thread 0x0000026050213330 Thread exited: 0x0000026050213330
Event: 1.778 Thread 0x00000260501e93b0 Thread added: 0x000002605044ddc0
Event: 1.784 Thread 0x000002605044ddc0 Thread added: 0x00000260504b0730
Event: 1.828 Thread 0x00000260501e6f90 Thread added: 0x00000260504b5b80
Event: 2.007 Thread 0x00000260504b0730 Thread exited: 0x00000260504b0730
Event: 2.041 Thread 0x000002605044ddc0 Thread exited: 0x000002605044ddc0


Dynamic libraries:
0x00007ff61cf70000 - 0x00007ff61cf7e000 	C:\Users\ASUS\.jdks\openjdk-24.0.2+12-54\bin\java.exe
0x00007ffdf2520000 - 0x00007ffdf2788000 	C:\WINDOWS\SYSTEM32\ntdll.dll
0x00007ffdf0f40000 - 0x00007ffdf1009000 	C:\WINDOWS\System32\KERNEL32.DLL
0x00007ffdefef0000 - 0x00007ffdf02e2000 	C:\WINDOWS\System32\KERNELBASE.dll
0x00007ffdefd10000 - 0x00007ffdefe5b000 	C:\WINDOWS\System32\ucrtbase.dll
0x00007ffdde100000 - 0x00007ffdde116000 	C:\Users\ASUS\.jdks\openjdk-24.0.2+12-54\bin\jli.dll
0x00007ffddd970000 - 0x00007ffddd98b000 	C:\Users\ASUS\.jdks\openjdk-24.0.2+12-54\bin\VCRUNTIME140.dll
0x00007ffdf2310000 - 0x00007ffdf24d5000 	C:\WINDOWS\System32\USER32.dll
0x00007ffdefa10000 - 0x00007ffdefa37000 	C:\WINDOWS\System32\win32u.dll
0x00007ffdd1990000 - 0x00007ffdd1c23000 	C:\WINDOWS\WinSxS\amd64_microsoft.windows.common-controls_6595b64144ccf1df_6.0.26100.6899_none_3e0efeeae32e88c1\COMCTL32.dll
0x00007ffdf0700000 - 0x00007ffdf072b000 	C:\WINDOWS\System32\GDI32.dll
0x00007ffdf0b60000 - 0x00007ffdf0c09000 	C:\WINDOWS\System32\msvcrt.dll
0x00007ffdef770000 - 0x00007ffdef89d000 	C:\WINDOWS\System32\gdi32full.dll
0x00007ffdefa40000 - 0x00007ffdefae3000 	C:\WINDOWS\System32\msvcp_win.dll
0x00007ffdf1010000 - 0x00007ffdf103f000 	C:\WINDOWS\System32\IMM32.DLL
0x00007ffddda10000 - 0x00007ffddda1c000 	C:\Users\ASUS\.jdks\openjdk-24.0.2+12-54\bin\vcruntime140_1.dll
0x00007ffd8def0000 - 0x00007ffd8df7e000 	C:\Users\ASUS\.jdks\openjdk-24.0.2+12-54\bin\msvcp140.dll
0x00007ffd3be20000 - 0x00007ffd3cbc1000 	C:\Users\ASUS\.jdks\openjdk-24.0.2+12-54\bin\server\jvm.dll
0x00007ffdf1860000 - 0x00007ffdf1914000 	C:\WINDOWS\System32\ADVAPI32.dll
0x00007ffdf0ab0000 - 0x00007ffdf0b56000 	C:\WINDOWS\System32\sechost.dll
0x00007ffdf19e0000 - 0x00007ffdf1af8000 	C:\WINDOWS\System32\RPCRT4.dll
0x00007ffdf09b0000 - 0x00007ffdf0a24000 	C:\WINDOWS\System32\WS2_32.dll
0x00007ffdee2e0000 - 0x00007ffdee33e000 	C:\WINDOWS\SYSTEM32\POWRPROF.dll
0x00007ffde5230000 - 0x00007ffde523b000 	C:\WINDOWS\SYSTEM32\VERSION.dll
0x00007ffde58f0000 - 0x00007ffde5925000 	C:\WINDOWS\SYSTEM32\WINMM.dll
0x00007ffdee2c0000 - 0x00007ffdee2d4000 	C:\WINDOWS\SYSTEM32\UMPDC.dll
0x00007ffdee500000 - 0x00007ffdee51b000 	C:\WINDOWS\SYSTEM32\kernel.appcore.dll
0x00007ffddd8c0000 - 0x00007ffddd8ca000 	C:\Users\ASUS\.jdks\openjdk-24.0.2+12-54\bin\jimage.dll
0x00007ffdec810000 - 0x00007ffdeca52000 	C:\WINDOWS\SYSTEM32\DBGHELP.DLL
0x00007ffdf0300000 - 0x00007ffdf067b000 	C:\WINDOWS\System32\combase.dll
0x00007ffdf0e60000 - 0x00007ffdf0f37000 	C:\WINDOWS\System32\OLEAUT32.dll
0x00007ffdca360000 - 0x00007ffdca39c000 	C:\WINDOWS\SYSTEM32\dbgcore.DLL
0x00007ffdefaf0000 - 0x00007ffdefb88000 	C:\WINDOWS\System32\bcryptPrimitives.dll
0x00007ffdb1050000 - 0x00007ffdb105f000 	C:\Users\ASUS\.jdks\openjdk-24.0.2+12-54\bin\instrument.dll
0x00007ffdd4660000 - 0x00007ffdd467e000 	C:\Users\ASUS\.jdks\openjdk-24.0.2+12-54\bin\java.dll
0x00007ffdf1fa0000 - 0x00007ffdf2138000 	C:\WINDOWS\System32\ole32.dll
0x00007ffdf1050000 - 0x00007ffdf179d000 	C:\WINDOWS\System32\SHELL32.dll
0x00007ffdef8a0000 - 0x00007ffdefa0b000 	C:\WINDOWS\System32\wintypes.dll
0x00007ffdd2490000 - 0x00007ffdd24a7000 	C:\Users\ASUS\.jdks\openjdk-24.0.2+12-54\bin\zip.dll
0x00007ffded300000 - 0x00007ffdedb5d000 	C:\WINDOWS\SYSTEM32\windows.storage.dll
0x00007ffdf08b0000 - 0x00007ffdf09a2000 	C:\WINDOWS\System32\SHCORE.dll
0x00007ffdf0df0000 - 0x00007ffdf0e52000 	C:\WINDOWS\System32\shlwapi.dll
0x00007ffdef5d0000 - 0x00007ffdef5f9000 	C:\WINDOWS\SYSTEM32\profapi.dll
0x00007ffd76e00000 - 0x00007ffd76ed7000 	C:\Users\ASUS\.jdks\openjdk-24.0.2+12-54\bin\jsvml.dll
0x00007ffdd8fd0000 - 0x00007ffdd8fe0000 	C:\Users\ASUS\.jdks\openjdk-24.0.2+12-54\bin\net.dll
0x00007ffdeeb10000 - 0x00007ffdeeb7b000 	C:\WINDOWS\system32\mswsock.dll
0x00007ffdd4410000 - 0x00007ffdd4426000 	C:\Users\ASUS\.jdks\openjdk-24.0.2+12-54\bin\nio.dll
0x00007ffdd8c30000 - 0x00007ffdd8c39000 	C:\Users\ASUS\.jdks\openjdk-24.0.2+12-54\bin\extnet.dll

JVMTI agents:
C:\Users\ASUS\AppData\Local\JetBrains\IntelliJIdea2025.2\captureAgent\debugger-agent.jar path:C:\Users\ASUS\.jdks\openjdk-24.0.2+12-54\bin\instrument.dll, loaded, initialized, instrumentlib options:file:///C:/Users/ASUS/AppData/Local/Temp/capture13045741877477765352.props
C:\Program Files\JetBrains\IntelliJ IDEA 2025.2.1\lib\idea_rt.jar path:C:\Users\ASUS\.jdks\openjdk-24.0.2+12-54\bin\instrument.dll, loaded, initialized, instrumentlib options:62663

dbghelp: loaded successfully - version: 4.0.5 - missing functions: none
symbol engine: initialized successfully - sym options: 0x614 - pdb path: .;C:\Users\ASUS\.jdks\openjdk-24.0.2+12-54\bin;C:\WINDOWS\SYSTEM32;C:\WINDOWS\WinSxS\amd64_microsoft.windows.common-controls_6595b64144ccf1df_6.0.26100.6899_none_3e0efeeae32e88c1;C:\Users\ASUS\.jdks\openjdk-24.0.2+12-54\bin\server

VM Arguments:
jvm_args: -javaagent:C:\Users\ASUS\AppData\Local\JetBrains\IntelliJIdea2025.2\captureAgent\debugger-agent.jar=file:///C:/Users/ASUS/AppData/Local/Temp/capture13045741877477765352.props -ea -Didea.test.cyclic.buffer.size=1048576 -javaagent:C:\Program Files\JetBrains\IntelliJ IDEA 2025.2.1\lib\idea_rt.jar=62663 -Dkotlinx.coroutines.debug.enable.creation.stack.trace=false -Ddebugger.agent.enable.coroutines=true -Dkotlinx.coroutines.debug.enable.flows.stack.trace=true -Dkotlinx.coroutines.debug.enable.mutable.state.flows.stack.trace=true -Dfile.encoding=UTF-8 -Dsun.stdout.encoding=UTF-8 -Dsun.stderr.encoding=UTF-8 
java_command: com.intellij.rt.junit.JUnitStarter -ideVersion5 -junit5 com.jpd.web.EnrollmentServiceTest
java_class_path (initial): C:\Users\ASUS\.m2\repository\org\junit\platform\junit-platform-launcher\1.12.2\junit-platform-launcher-1.12.2.jar;C:\Program Files\JetBrains\IntelliJ IDEA 2025.2.1\lib\idea_rt.jar;C:\Program Files\JetBrains\IntelliJ IDEA 2025.2.1\plugins\junit\lib\junit5-rt.jar;C:\Program Files\JetBrains\IntelliJ IDEA 2025.2.1\plugins\junit\lib\junit-rt.jar;D:\Kỳ 5\spring\jpdWeb\target\test-classes;D:\Kỳ 5\spring\jpdWeb\target\classes;C:\Users\ASUS\.m2\repository\org\hibernate\orm\hibernate-core\6.4.4.Final\hibernate-core-6.4.4.Final.jar;C:\Users\ASUS\.m2\repository\jakarta\persistence\jakarta.persistence-api\3.1.0\jakarta.persistence-api-3.1.0.jar;C:\Users\ASUS\.m2\repository\jakarta\transaction\jakarta.transaction-api\2.0.1\jakarta.transaction-api-2.0.1.jar;C:\Users\ASUS\.m2\repository\org\jboss\logging\jboss-logging\3.6.1.Final\jboss-logging-3.6.1.Final.jar;C:\Users\ASUS\.m2\repository\org\hibernate\common\hibernate-commons-annotations\6.0.6.Final\hibernate-commons-annotations-6.0.6.Final.jar;C:\Users\ASUS\.m2\repository\io\smallrye\jandex\3.1.2\jandex-3.1.2.jar;C:\Users\ASUS\.m2\repository\com\fasterxml\classmate\1.7.0\classmate-1.7.0.jar;C:\Users\ASUS\.m2\repository\net\bytebuddy\byte-buddy\1.17.7\byte-buddy-1.17.7.jar;C:\Users\ASUS\.m2\repository\jakarta\xml\bind\jakarta.xml.bind-api\4.0.2\jakarta.xml.bind-api-4.0.2.jar;C:\Users\ASUS\.m2\repository\jakarta\activation\jakarta.activation-api\2.1.3\jakarta.activation-api-2.1.3.jar;C:\Users\ASUS\.m2\repository\org\glassfish\jaxb\jaxb-runtime\4.0.5\jaxb-runtime-4.0.5.jar;C:\Users\ASUS\.m2\repository\org\glassfish\jaxb\jaxb-core\4.0.5\jaxb-core-4.0.5.jar;C:\Users\ASUS\.m2\repository\org\glassfish\jaxb\txw2\4.0.5\txw2-4.0.5.jar;C:\Users\ASUS\.m2\repository\com\sun\istack\istack-commons-runtime\4.1.2\istack-commons-runtime-4.1.2.jar;C:\Users\ASUS\.m2\repository\jakarta\inject\jakarta.inject-api\2.0.1\jakarta.inject-api-2.0.1.jar;C:\Users\ASUS\.m2\repository\org\antlr\antlr4-runtime\4.13.0\antlr4-runtime-4.13.0.jar;C:\Users\ASUS\.m2\repository\org\springframework\boot\spring-boot-starter-data-jpa\3.5.5\spring-boot-starter-data-jpa-3.5.5.jar;C:\Users\ASUS\.m2\repository\org\springframework\boot\spring-boot-starter\3.5.5\spring-boot-starter-3.5.5.jar;C:\Users\ASUS\.m2\repository\org\springframework\boot\spring-boot-starter-logging\3.5.5\spring-boot-starter-logging-3.5.5.jar;C:\Users\ASUS\.m2\repository\ch\qos\logback\logback-classic\1.5.18\logback-classic-1.5.18.jar;C:\Users\ASUS\.m2\repository\ch\qos\logback\logback-core\1.5.18\logback-core-1.5.18.jar;C:\Users\ASUS\.m2\repository\org\apache\logging\log4j\log4j-to-slf4j\2.24.3\log4j-to-slf4j-2.24.3.jar;C:\Users\ASUS\.m2\repository\org\apache\logging\log4j\log4j-api\2.24.3\log4j-api-2.24.3.jar;C:\Users\ASUS\.m2\repository\org\slf4j\jul-to-slf4j\2.0.17\jul-to-slf4j-2.0.17.jar;C:\Users\ASUS\.m2\repository\jakarta\annotation\jakarta.annotation-api\2.1.1\jakarta.annotation-api-2.1.1.jar;C:\Users\ASUS\.m2\repository\org\yaml\snakeyaml\2.4\snakeyaml-2.4.jar;C:\Users\ASUS\.m2\repository\org\springframework\boot\spring-boot-starter-jdbc\3.5.5\spring-boot-starter-jdbc-3.5.5.jar;C:\Users\ASUS\.m2\repository\com\zaxxer\HikariCP\6.3.2\HikariCP-6.3.2.jar;C:\Users\ASUS\.m2\repository\org\springframework\spring-jdbc\6.2.10\spring-jdbc-6.2.10.jar;C:\Users\ASUS\.m2\repository\org\springframework\data\spring-data-jpa\3.5.3\spring-data-jpa-3.5.3.jar;C:\Users\ASUS\.m2\repository\org\springframework\data\spring-data-commons\3.5.3\spring-data-commons-3.5.3.jar;C:\Users\ASUS\.m2\repository\org\springframework\spring-orm\6.2.10\spring-orm-6.2.10.jar;C:\Users\ASUS\.m2\repository\org\springframework\spring-context\6.2.10\spring-context-6.2.10.jar;C:\Users\ASUS\.m2\repository\org\springframework\spring-tx\6.2.10\spring-tx-6.2.10.jar;C:\Users\ASUS\.m2\repository\org\springframework\spring-beans\6.2.10\spring-beans-6.2.10.jar;C:\Users\ASUS\.m2\repository\org\springframework\spring-aspects\6.2.10\spring-aspects-6.2.10.jar;C:\Users\ASUS\.m2\repository\org\aspectj\aspectjweaver\1.9.24\aspectjweaver-1.9.24.jar;C:\Users\ASUS\.m2\repository\org\springframework\boot\spring-boot-starter-web\3.5.5\spring-boot-starter-web-3.5.5.jar;C:\Users\ASUS\.m2\repository\org\springframework\boot\spring-boot-starter-json\3.5.5\spring-boot-starter-json-3.5.5.jar;C:\Users\ASUS\.m2\repository\com\fasterxml\jackson\datatype\jackson-datatype-jdk8\2.19.2\jackson-datatype-jdk8-2.19.2.jar;C:\Users\ASUS\.m2\repository\com\fasterxml\jackson\datatype\jackson-datatype-jsr310\2.19.2\jackson-datatype-jsr310-2.19.2.jar;C:\Users\ASUS\.m2\repository\com\fasterxml\jackson\module\jackson-module-parameter-names\2.19.2\jackson-module-parameter-names-2.19.2.jar;C:\Users\ASUS\.m2\repository\org\springframework\boot\spring-boot-starter-tomcat\3.5.5\spring-boot-starter-tomcat-3.5.5.jar;C:\Users\ASUS\.m2\repository\org\apache\tomcat\embed\tomcat-embed-core\10.1.44\tomcat-embed-core-10.1.44.jar;C:\Users\ASUS\.m2\repository\org\apache\tomcat\embed\tomcat-embed-websocket\10.1.44\tomcat-embed-websocket-10.1.44.jar;C:\Users\ASUS\.m2\repository\org\springframework\spring-web\6.2.10\spring-web-6.2.10.jar;C:\Users\ASUS\.m2\repository\org\springframework\spring-webmvc\6.2.10\spring-webmvc-6.2.10.jar;C:\Users\ASUS\.m2\repository\org\springframework\spring-expression\6.2.10\spring-expression-6.2.10.jar;C:\Users\ASUS\.m2\repository\org\springframework\boot\spring-boot-devtools\3.5.5\spring-boot-devtools-3.5.5.jar;C:\Users\ASUS\.m2\repository\org\springframework\boot\spring-boot\3.5.5\spring-boot-3.5.5.jar;C:\Users\ASUS\.m2\repository\org\springframework\boot\spring-boot-autoconfigure\3.5.5\spring-boot-autoconfigure-3.5.5.jar;C:\Users\ASUS\.m2\repository\com\mysql\mysql-connector-j\9.4.0\mysql-connector-j-9.4.0.jar;C:\Users\ASUS\.m2\repository\org\projectlombok\lombok\1.18.38\lombok-1.18.38.jar;C:\Users\ASUS\.m2\repository\org\springframework\boot\spring-boot-starter-test\3.5.5\spring-boot-starter-test-3.5.5.jar;C:\Users\ASUS\.m2\repository\org\springframework\boot\spring-boot-test\3.5.5\spring-boot-test-3.5.5.jar;C:\Users\ASUS\.m2\repository\org\springframework\boot\spring-boot-test-autoconfigure\3.5.5\spring-boot-test-autoconfigure-3.5.5.jar;C:\Users\ASUS\.m2\repository\com\jayway\jsonpath\json-path\2.9.0\json-path-2.9.0.jar;C:\Users\ASUS\.m2\repository\net\minidev\json-smart\2.5.2\json-smart-2.5.2.jar;C:\Users\ASUS\.m2\repository\net\minidev\accessors-smart\2.5.2\accessors-smart-2.5.2.jar;C:\Users\ASUS\.m2\repository\org\ow2\asm\asm\9.7.1\asm-9.7.1.jar;C:\Users\ASUS\.m2\repository\org\assertj\assertj-core\3.27.4\assertj-core-3.27.4.jar;C:\Users\ASUS\.m2\repository\org\awaitility\awaitility\4.2.2\awaitility-4.2.2.jar;C:\Users\ASUS\.m2\repository\org\hamcrest\hamcrest\3.0\hamcrest-3.0.jar;C:\Users\ASUS\.m2\repository\org\junit\jupiter\junit-jupiter\5.12.2\junit-jupiter-5.12.2.jar;C:\Users\ASUS\.m2\repository\org\junit\jupiter\junit-jupiter-params\5.12.2\junit-jupiter-params-5.12.2.jar;C:\Users\ASUS\.m2\repository\org\junit\jupiter\junit-jupiter-engine\5.12.2\junit-jupiter-engine-5.12.2.jar;C:\Users\ASUS\.m2\repository\org\junit\platform\junit-platform-engine\1.12.2\junit-platform-engine-1.12.2.jar;C:\Users\ASUS\.m2\repository\org\mockito\mockito-core\5.17.0\mockito-core-5.17.0.jar;C:\Users\ASUS\.m2\repository\net\bytebuddy\byte-buddy-agent\1.17.7\byte-buddy-agent-1.17.7.jar;C:\Users\ASUS\.m2\repository\org\objenesis\objenesis\3.3\objenesis-3.3.jar;C:\Users\ASUS\.m2\repository\org\skyscreamer\jsonassert\1.5.3\jsonassert-1.5.3.jar;C:\Users\ASUS\.m2\repository\com\vaadin\external\google\android-json\0.0.20131108.vaadin1\android-json-0.0.20131108.vaadin1.jar;C:\Users\ASUS\.m2\repository\org\springframework\spring-core\6.2.10\spring-core-6.2.10.jar;C:\Users\ASUS\.m2\repository\org\springframework\spring-jcl\6.2.10\spring-jcl-6.2.10.jar;C:\Users\ASUS\.m2\repository\org\springframework\spring-test\6.2.10\spring-test-6.2.10.jar;C:\Users\ASUS\.m2\repository\org\xmlunit\xmlunit-core\2.10.3\xmlunit-core-2.10.3.jar;C:\Users\ASUS\.m2\repository\org\springframework\boot\spring-boot-starter-validation\3.5.5\spring-boot-starter-validation-3.5.5.jar;C:\Users\ASUS\.m2\repository\org\apache\tomcat\embed\tomcat-embed-el\10.1.44\tomcat-embed-el-10.1.44.jar;C:\Users\ASUS\.m2\repository\org\hibernate\validator\hibernate-validator\8.0.3.Final\hibernate-validator-8.0.3.Final.jar;C:\Users\ASUS\.m2\repository\jakarta\validation\jakarta.validation-api\3.0.2\jakarta.validation-api-3.0.2.jar;C:\Users\ASUS\.m2\repository\com\google\firebase\firebase-admin\9.4.1\firebase-admin-9.4.1.jar;C:\Users\ASUS\.m2\repository\com\google\api-client\google-api-client\2.7.0\google-api-client-2.7.0.jar;C:\Users\ASUS\.m2\repository\org\apache\httpcomponents\httpcore\4.4.16\httpcore-4.4.16.jar;C:\Users\ASUS\.m2\repository\org\apache\httpcomponents\httpclient\4.5.14\httpclient-4.5.14.jar;C:\Users\ASUS\.m2\repository\commons-logging\commons-logging\1.2\commons-logging-1.2.jar;C:\Users\ASUS\.m2\repository\com\google\api-client\google-api-client-gson\2.7.0\google-api-client-gson-2.7.0.jar;C:\Users\ASUS\.m2\repository\com\google\http-client\google-http-client\1.45.0\google-http-client-1.45.0.jar;C:\Users\ASUS\.m2\repository\com\google\api\api-common\2.37.1\api-common-2.37.1.jar;C:\Users\ASUS\.m2\repository\com\google\auth\google-auth-library-oauth2-http\1.27.0\google-auth-library-oauth2-http-1.27.0.jar;C:\Users\ASUS\.m2\repository\com\google\cloud\google-cloud-firestore\3.26.5\google-cloud-firestore-3.26.5.jar;C:\Users\ASUS\.m2\repository\com\google\api\grpc\proto-google-cloud-firestore-v1\3.26.5\proto-google-cloud-firestore-v1-3.26.5.jar;C:\Users\ASUS\.m2\repository\com\google\cloud\proto-google-cloud-firestore-bundle-v1\3.26.5\proto-google-cloud-firestore-bundle-v1-3.26.5.jar;C:\Users\ASUS\.m2\repository\io\grpc\grpc-inprocess\1.68.0\grpc-inprocess-1.68.0.jar;C:\Users\ASUS\.m2\repository\io\grpc\grpc-util\1.68.0\grpc-util-1.68.0.jar;C:\Users\ASUS\.m2\repository\io\opentelemetry\opentelemetry-api\1.49.0\opentelemetry-api-1.49.0.jar;C:\Users\ASUS\.m2\repository\io\opentelemetry\opentelemetry-context\1.49.0\opentelemetry-context-1.49.0.jar;C:\Users\ASUS\.m2\repository\io\opentelemetry\instrumentation\opentelemetry-grpc-1.6\2.1.0-alpha\opentelemetry-grpc-1.6-2.1.0-alpha.jar;C:\Users\ASUS\.m2\repository\io\opentelemetry\instrumentation\opentelemetry-instrumentation-api\2.1.0\opentelemetry-instrumentation-api-2.1.0.jar;C:\Users\ASUS\.m2\repository\io\opentelemetry\opentelemetry-extension-incubator\1.35.0-alpha\opentelemetry-extension-incubator-1.35.0-alpha.jar;C:\Users\ASUS\.m2\repository\io\opentelemetry\semconv\opentelemetry-semconv\1.23.1-alpha\opentelemetry-semconv-1.23.1-alpha.jar;C:\Users\ASUS\.m2\repository\io\opentelemetry\instrumentation\opentelemetry-instrumentation-api-incubator\2.1.0-alpha\opentelemetry-instrumentation-api-incubator-2.1.0-alpha.jar;C:\Users\ASUS\.m2\repository\com\google\guava\guava\33.3.0-jre\guava-33.3.0-jre.jar;C:\Users\ASUS\.m2\repository\org\slf4j\slf4j-api\2.0.17\slf4j-api-2.0.17.jar;C:\Users\ASUS\.m2\repository\io\netty\netty-codec-http\4.1.124.Final\netty-codec-http-4.1.124.Final.jar;C:\Users\ASUS\.m2\repository\io\netty\netty-common\4.1.124.Final\netty-common-4.1.124.Final.jar;C:\Users\ASUS\.m2\repository\io\netty\netty-buffer\4.1.124.Final\netty-buffer-4.1.124.Final.jar;C:\Users\ASUS\.m2\repository\io\netty\netty-codec\4.1.124.Final\netty-codec-4.1.124.Final.jar;C:\Users\ASUS\.m2\repository\io\netty\netty-handler\4.1.124.Final\netty-handler-4.1.124.Final.jar;C:\Users\ASUS\.m2\repository\io\netty\netty-resolver\4.1.124.Final\netty-resolver-4.1.124.Final.jar;C:\Users\ASUS\.m2\repository\io\netty\netty-transport-native-unix-common\4.1.124.Final\netty-transport-native-unix-common-4.1.124.Final.jar;C:\Users\ASUS\.m2\repository\io\netty\netty-transport\4.1.124.Final\netty-transport-4.1.124.Final.jar;C:\Users\ASUS\.m2\repository\org\apache\httpcomponents\client5\httpclient5\5.5\httpclient5-5.5.jar;C:\Users\ASUS\.m2\repository\org\apache\httpcomponents\core5\httpcore5\5.3.4\httpcore5-5.3.4.jar;C:\Users\ASUS\.m2\repository\org\apache\httpcomponents\core5\httpcore5-h2\5.3.4\httpcore5-h2-5.3.4.jar;C:\Users\ASUS\.m2\repository\org\springframework\boot\spring-boot-starter-mail\3.5.5\spring-boot-starter-mail-3.5.5.jar;C:\Users\ASUS\.m2\repository\org\springframework\spring-context-support\6.2.10\spring-context-support-6.2.10.jar;C:\Users\ASUS\.m2\repository\org\eclipse\angus\jakarta.mail\2.0.4\jakarta.mail-2.0.4.jar;C:\Users\ASUS\.m2\repository\org\eclipse\angus\angus-activation\2.0.2\angus-activation-2.0.2.jar;C:\Users\ASUS\.m2\repository\com\google\cloud\google-cloud-storage\2.25.0\google-cloud-storage-2.25.0.jar;C:\Users\ASUS\.m2\repository\com\google\guava\failureaccess\1.0.1\failureaccess-1.0.1.jar;C:\Users\ASUS\.m2\repository\com\google\guava\listenablefuture\9999.0-empty-to-avoid-conflict-with-guava\listenablefuture-9999.0-empty-to-avoid-conflict-with-guava.jar;C:\Users\ASUS\.m2\repository\com\google\errorprone\error_prone_annotations\2.18.0\error_prone_annotations-2.18.0.jar;C:\Users\ASUS\.m2\repository\com\google\j2objc\j2objc-annotations\2.8\j2objc-annotations-2.8.jar;C:\Users\ASUS\.m2\repository\io\opencensus\opencensus-contrib-http-util\0.31.1\opencensus-contrib-http-util-0.31.1.jar;C:\Users\ASUS\.m2\repository\com\google\http-client\google-http-client-jackson2\1.43.3\google-http-client-jackson2-1.43.3.jar;C:\Users\ASUS\.m2\repository\com\google\http-client\google-http-client-gson\1.43.3\google-http-client-gson-1.43.3.jar;C:\Users\ASUS\.m2\repository\commons-codec\commons-codec\1.18.0\commons-codec-1.18.0.jar;C:\Users\ASUS\.m2\repository\com\google\oauth-client\google-oauth-client\1.34.1\google-oauth-client-1.34.1.jar;C:\Users\ASUS\.m2\repository\com\google\http-client\google-http-client-apache-v2\1.43.3\google-http-client-apache-v2-1.43.3.jar;C:\Users\ASUS\.m2\repository\com\google\apis\google-api-services-storage\v1-rev20230617-2.0.0\google-api-services-storage-v1-rev20230617-2.0.0.jar;C:\Users\ASUS\.m2\repository\com\google\code\gson\gson\2.13.1\gson-2.13.1.jar;C:\Users\ASUS\.m2\repository\com\google\cloud\google-cloud-core\2.21.1\google-cloud-core-2.21.1.jar;C:\Users\ASUS\.m2\repository\com\google\auto\value\auto-value-annotations\1.10.2\auto-value-annotations-1.10.2.jar;C:\Users\ASUS\.m2\repository\com\google\cloud\google-cloud-core-http\2.21.1\google-cloud-core-http-2.21.1.jar;C:\Users\ASUS\.m2\repository\com\google\http-client\google-http-client-appengine\1.43.3\google-http-client-appengine-1.43.3.jar;C:\Users\ASUS\.m2\repository\com\google\api\gax-httpjson\2.31.1\gax-httpjson-2.31.1.jar;C:\Users\ASUS\.m2\repository\com\google\cloud\google-cloud-core-grpc\2.21.1\google-cloud-core-grpc-2.21.1.jar;C:\Users\ASUS\.m2\repository\com\google\api\gax\2.31.1\gax-2.31.1.jar;C:\Users\ASUS\.m2\repository\com\google\api\gax-grpc\2.31.1\gax-grpc-2.31.1.jar;C:\Users\ASUS\.m2\repository\io\grpc\grpc-alts\1.56.1\grpc-alts-1.56.1.jar;C:\Users\ASUS\.m2\repository\io\grpc\grpc-grpclb\1.56.1\grpc-grpclb-1.56.1.jar;C:\Users\ASUS\.m2\repository\org\conscrypt\conscrypt-openjdk-uber\2.5.2\conscrypt-openjdk-uber-2.5.2.jar;C:\Users\ASUS\.m2\repository\io\grpc\grpc-auth\1.56.1\grpc-auth-1.56.1.jar;C:\Users\ASUS\.m2\repository\io\grpc\grpc-protobuf\1.56.1\grpc-protobuf-1.56.1.jar;C:\Users\ASUS\.m2\repository\io\grpc\grpc-protobuf-lite\1.56.1\grpc-protobuf-lite-1.56.1.jar;C:\Users\ASUS\.m2\repository\com\google\auth\google-auth-library-credentials\1.19.0\google-auth-library-credentials-1.19.0.jar;C:\Users\ASUS\.m2\repository\javax\annotation\javax.annotation-api\1.3.2\javax.annotation-api-1.3.2.jar;C:\Users\ASUS\.m2\repository\io\opencensus\opencensus-api\0.31.1\opencensus-api-0.31.1.jar;C:\Users\ASUS\.m2\repository\io\grpc\grpc-context\1.56.1\grpc-context-1.56.1.jar;C:\Users\ASUS\.m2\repository\com\google\api\grpc\proto-google-iam-v1\1.17.1\proto-google-iam-v1-1.17.1.jar;C:\Users\ASUS\.m2\repository\com\google\protobuf\protobuf-java\3.23.2\protobuf-java-3.23.2.jar;C:\Users\ASUS\.m2\repository\com\google\protobuf\protobuf-java-util\3.23.2\protobuf-java-util-3.23.2.jar;C:\Users\ASUS\.m2\repository\com\google\api\grpc\proto-google-common-protos\2.22.1\proto-google-common-protos-2.22.1.jar;C:\Users\ASUS\.m2\repository\org\threeten\threetenbp\1.6.8\threetenbp-1.6.8.jar;C:\Users\ASUS\.m2\repository\com\google\api\grpc\proto-google-cloud-storage-v2\2.25.0-alpha\proto-google-cloud-storage-v2-2.25.0-alpha.jar;C:\Users\ASUS\.m2\repository\com\google\api\grpc\grpc-google-cloud-storage-v2\2.25.0-alpha\grpc-google-cloud-storage-v2-2.25.0-alpha.jar;C:\Users\ASUS\.m2\repository\com\google\api\grpc\gapic-google-cloud-storage-v2\2.25.0-alpha\gapic-google-cloud-storage-v2-2.25.0-alpha.jar;C:\Users\ASUS\.m2\repository\com\fasterxml\jackson\core\jackson-core\2.19.2\jackson-core-2.19.2.jar;C:\Users\ASUS\.m2\repository\com\google\code\findbugs\jsr305\3.0.2\jsr305-3.0.2.jar;C:\Users\ASUS\.m2\repository\io\grpc\grpc-api\1.56.1\grpc-api-1.56.1.jar;C:\Users\ASUS\.m2\repository\io\grpc\grpc-netty-shaded\1.56.1\grpc-netty-shaded-1.56.1.jar;C:\Users\ASUS\.m2\repository\io\perfmark\perfmark-api\0.26.0\perfmark-api-0.26.0.jar;C:\Users\ASUS\.m2\repository\io\grpc\grpc-core\1.56.1\grpc-core-1.56.1.jar;C:\Users\ASUS\.m2\repository\com\google\android\annotations\4.1.1.4\annotations-4.1.1.4.jar;C:\Users\ASUS\.m2\repository\org\codehaus\mojo\animal-sniffer-annotations\1.23\animal-sniffer-annotations-1.23.jar;C:\Users\ASUS\.m2\repository\io\grpc\grpc-stub\1.56.1\grpc-stub-1.56.1.jar;C:\Users\ASUS\.m2\repository\io\grpc\grpc-googleapis\1.56.1\grpc-googleapis-1.56.1.jar;C:\Users\ASUS\.m2\repository\org\checkerframework\checker-qual\3.33.0\checker-qual-3.33.0.jar;C:\Users\ASUS\.m2\repository\io\grpc\grpc-xds\1.56.1\grpc-xds-1.56.1.jar;C:\Users\ASUS\.m2\repository\io\opencensus\opencensus-proto\0.2.0\opencensus-proto-0.2.0.jar;C:\Users\ASUS\.m2\repository\io\grpc\grpc-services\1.56.1\grpc-services-1.56.1.jar;C:\Users\ASUS\.m2\repository\com\google\re2j\re2j\1.7\re2j-1.7.jar;C:\Users\ASUS\.m2\repository\io\grpc\grpc-rls\1.56.1\grpc-rls-1.56.1.jar;C:\Users\ASUS\.m2\repository\org\springframework\boot\spring-boot-starter-websocket\3.5.5\spring-boot-starter-websocket-3.5.5.jar;C:\Users\ASUS\.m2\repository\org\springframework\spring-messaging\6.2.10\spring-messaging-6.2.10.jar;C:\Users\ASUS\.m2\repository\org\springframework\spring-websocket\6.2.10\spring-websocket-6.2.10.jar;C:\Users\ASUS\.m2\repository\org\springframework\boot\spring-boot-starter-data-redis\3.5.5\spring-boot-starter-data-redis-3.5.5.jar;C:\Users\ASUS\.m2\repository\io\lettuce\lettuce-core\6.6.0.RELEASE\lettuce-core-6.6.0.RELEASE.jar;C:\Users\ASUS\.m2\repository\redis\clients\authentication\redis-authx-core\0.1.1-beta2\redis-authx-core-0.1.1-beta2.jar;C:\Users\ASUS\.m2\repository\io\projectreactor\reactor-core\3.7.9\reactor-core-3.7.9.jar;C:\Users\ASUS\.m2\repository\org\reactivestreams\reactive-streams\1.0.4\reactive-streams-1.0.4.jar;C:\Users\ASUS\.m2\repository\org\springframework\data\spring-data-redis\3.5.3\spring-data-redis-3.5.3.jar;C:\Users\ASUS\.m2\repository\org\springframework\data\spring-data-keyvalue\3.5.3\spring-data-keyvalue-3.5.3.jar;C:\Users\ASUS\.m2\repository\org\springframework\spring-oxm\6.2.10\spring-oxm-6.2.10.jar;C:\Users\ASUS\.m2\repository\org\mockito\mockito-junit-jupiter\5.20.0\mockito-junit-jupiter-5.20.0.jar;C:\Users\ASUS\.m2\repository\org\junit\jupiter\junit-jupiter-api\5.12.2\junit-jupiter-api-5.12.2.jar;C:\Users\ASUS\.m2\repository\org\opentest4j\opentest4j\1.3.0\opentest4j-1.3.0.jar;C:\Users\ASUS\.m2\repository\org\junit\platform\junit-platform-commons\1.12.2\junit-platform-commons-1.12.2.jar;C:\Users\ASUS\.m2\repository\org\apiguardian\apiguardian-api\1.1.2\apiguardian-api-1.1.2.jar;C:\Users\ASUS\.m2\repository\com\paypal\sdk\checkout-sdk\2.0.0\checkout-sdk-2.0.0.jar;C:\Users\ASUS\.m2\repository\com\paypal\paypalhttp\2.0.0\paypalhttp-2.0.0.jar;C:\Users\ASUS\.m2\repository\com\paypal\sdk\payouts-sdk\1.1.0\payouts-sdk-1.1.0.jar;C:\Users\ASUS\.m2\repository\com\fasterxml\jackson\core\jackson-databind\2.19.2\jackson-databind-2.19.2.jar;C:\Users\ASUS\.m2\repository\com\fasterxml\jackson\core\jackson-annotations\2.19.2\jackson-annotations-2.19.2.jar;C:\Users\ASUS\.m2\repository\org\springframework\security\spring-security-test\6.5.3\spring-security-test-6.5.3.jar;C:\Users\ASUS\.m2\repository\org\springframework\security\spring-security-core\6.5.3\spring-security-core-6.5.3.jar;C:\Users\ASUS\.m2\repository\org\springframework\security\spring-security-crypto\6.5.3\spring-security-crypto-6.5.3.jar;C:\Users\ASUS\.m2\repository\org\springframework\security\spring-security-web\6.5.3\spring-security-web-6.5.3.jar;C:\Users\ASUS\.m2\repository\org\springframework\boot\spring-boot-starter-actuator\3.5.5\spring-boot-starter-actuator-3.5.5.jar;C:\Users\ASUS\.m2\repository\org\springframework\boot\spring-boot-actuator-autoconfigure\3.5.5\spring-boot-actuator-autoconfigure-3.5.5.jar;C:\Users\ASUS\.m2\repository\org\springframework\boot\spring-boot-actuator\3.5.5\spring-boot-actuator-3.5.5.jar;C:\Users\ASUS\.m2\repository\io\micrometer\micrometer-observation\1.15.3\micrometer-observation-1.15.3.jar;C:\Users\ASUS\.m2\repository\io\micrometer\micrometer-commons\1.15.3\micrometer-commons-1.15.3.jar;C:\Users\ASUS\.m2\repository\io\micrometer\micrometer-jakarta9\1.15.3\micrometer-jakarta9-1.15.3.jar;C:\Users\ASUS\.m2\repository\io\micrometer\micrometer-core\1.15.3\micrometer-core-1.15.3.jar;C:\Users\ASUS\.m2\repository\org\hdrhistogram\HdrHistogram\2.2.2\HdrHistogram-2.2.2.jar;C:\Users\ASUS\.m2\repository\org\latencyutils\LatencyUtils\2.0.3\LatencyUtils-2.0.3.jar;C:\Users\ASUS\.m2\repository\org\springframework\boot\spring-boot-starter-oauth2-client\3.5.5\spring-boot-starter-oauth2-client-3.5.5.jar;C:\Users\ASUS\.m2\repository\org\springframework\security\spring-security-config\6.5.3\spring-security-config-6.5.3.jar;C:\Users\ASUS\.m2\repository\org\springframework\security\spring-security-oauth2-client\6.5.3\spring-security-oauth2-client-6.5.3.jar;C:\Users\ASUS\.m2\repository\org\springframework\security\spring-security-oauth2-core\6.5.3\spring-security-oauth2-core-6.5.3.jar;C:\Users\ASUS\.m2\repository\com\nimbusds\oauth2-oidc-sdk\9.43.6\oauth2-oidc-sdk-9.43.6.jar;C:\Users\ASUS\.m2\repository\com\github\stephenc\jcip\jcip-annotations\1.0-1\jcip-annotations-1.0-1.jar;C:\Users\ASUS\.m2\repository\com\nimbusds\content-type\2.2\content-type-2.2.jar;C:\Users\ASUS\.m2\repository\com\nimbusds\lang-tag\1.7\lang-tag-1.7.jar;C:\Users\ASUS\.m2\repository\org\springframework\security\spring-security-oauth2-jose\6.5.3\spring-security-oauth2-jose-6.5.3.jar;C:\Users\ASUS\.m2\repository\com\nimbusds\nimbus-jose-jwt\9.37.3\nimbus-jose-jwt-9.37.3.jar;C:\Users\ASUS\.m2\repository\org\springframework\boot\spring-boot-starter-oauth2-resource-server\3.5.5\spring-boot-starter-oauth2-resource-server-3.5.5.jar;C:\Users\ASUS\.m2\repository\org\springframework\security\spring-security-oauth2-resource-server\6.5.3\spring-security-oauth2-resource-server-6.5.3.jar;C:\Users\ASUS\.m2\repository\org\springframework\boot\spring-boot-starter-security\3.5.5\spring-boot-starter-security-3.5.5.jar;C:\Users\ASUS\.m2\repository\org\springframework\spring-aop\6.2.10\spring-aop-6.2.10.jar;C:\Users\ASUS\.m2\repository\org\springdoc\springdoc-openapi-starter-webmvc-ui\2.8.13\springdoc-openapi-starter-webmvc-ui-2.8.13.jar;C:\Users\ASUS\.m2\repository\org\springdoc\springdoc-openapi-starter-webmvc-api\2.8.13\springdoc-openapi-starter-webmvc-api-2.8.13.jar;C:\Users\ASUS\.m2\repository\org\springdoc\springdoc-openapi-starter-common\2.8.13\springdoc-openapi-starter-common-2.8.13.jar;C:\Users\ASUS\.m2\repository\io\swagger\core\v3\swagger-core-jakarta\2.2.36\swagger-core-jakarta-2.2.36.jar;C:\Users\ASUS\.m2\repository\org\apache\commons\commons-lang3\3.17.0\commons-lang3-3.17.0.jar;C:\Users\ASUS\.m2\repository\io\swagger\core\v3\swagger-annotations-jakarta\2.2.36\swagger-annotations-jakarta-2.2.36.jar;C:\Users\ASUS\.m2\repository\io\swagger\core\v3\swagger-models-jakarta\2.2.36\swagger-models-jakarta-2.2.36.jar;C:\Users\ASUS\.m2\repository\com\fasterxml\jackson\dataformat\jackson-dataformat-yaml\2.19.2\jackson-dataformat-yaml-2.19.2.jar;C:\Users\ASUS\.m2\repository\org\webjars\swagger-ui\5.28.1\swagger-ui-5.28.1.jar;C:\Users\ASUS\.m2\repository\org\webjars\webjars-locator-lite\1.1.0\webjars-locator-lite-1.1.0.jar;C:\Users\ASUS\.m2\repository\org\jspecify\jspecify\1.0.0\jspecify-1.0.0.jar
Launcher Type: SUN_STANDARD

[Global flags]
     intx CICompilerCount                          = 12                                        {product} {ergonomic}
     uint ConcGCThreads                            = 4                                         {product} {ergonomic}
     uint G1ConcRefinementThreads                  = 15                                        {product} {ergonomic}
   size_t G1HeapRegionSize                         = 2097152                                   {product} {ergonomic}
   size_t InitialHeapSize                          = 264241152                                 {product} {ergonomic}
   size_t MarkStackSize                            = 4194304                                   {product} {ergonomic}
   size_t MarkStackSizeMax                         = 536870912                                 {product} {ergonomic}
   size_t MaxHeapSize                              = 4198498304                                {product} {ergonomic}
   size_t MaxNewSize                               = 2518679552                                {product} {ergonomic}
   size_t MinHeapDeltaBytes                        = 2097152                                   {product} {ergonomic}
   size_t MinHeapSize                              = 8388608                                   {product} {ergonomic}
    uintx NonNMethodCodeHeapSize                   = 7602176                                {pd product} {ergonomic}
    uintx NonProfiledCodeHeapSize                  = 122093568                              {pd product} {ergonomic}
    uintx ProfiledCodeHeapSize                     = 121962496                              {pd product} {ergonomic}
    uintx ReservedCodeCacheSize                    = 251658240                              {pd product} {ergonomic}
     bool SegmentedCodeCache                       = true                                      {product} {ergonomic}
   size_t SoftMaxHeapSize                          = 4198498304                             {manageable} {ergonomic}
     bool UseCompressedOops                        = true                           {product lp64_product} {ergonomic}
     bool UseG1GC                                  = true                                      {product} {ergonomic}
     bool UseLargePagesIndividualAllocation        = false                                  {pd product} {ergonomic}

Logging:
Log output configuration:
 #0: stdout all=warning uptime,level,tags foldmultilines=false
 #1: stderr all=off uptime,level,tags foldmultilines=false

Environment Variables:
PATH=C:\Program Files\Eclipse Adoptium\jdk-21.0.6.7-hotspot\bin;c:\Users\ASUS\AppData\Local\Programs\cursor\resources\app\bin;C:\Program Files\Common Files\Oracle\Java\javapath;C:\Program Files (x86)\Common Files\Oracle\Java\javapath;C:\Windows\system32;C:\Windows;C:\Windows\System32\Wbem;C:\Windows\System32\WindowsPowerShell\v1.0\;C:\Windows\System32\OpenSSH\;C:\Program Files (x86)\NVIDIA Corporation\PhysX\Common;C:\Program Files\NVIDIA Corporation\NVIDIA NvDLISR;C:\Program Files\dotnet\;C:\Users\ASUS\AppData\Local\Microsoft\WindowsApps;C:\Program Files (x86)\Microsoft SQL Server\160\Tools\Binn\;C:\Program Files\Microsoft SQL Server\160\Tools\Binn\;C:\Program Files\Microsoft SQL Server\Client SDK\ODBC\170\Tools\Binn\;C:\Program Files\Microsoft SQL Server\160\DTS\Binn\;C:\Program Files (x86)\Microsoft SQL Server\160\DTS\Binn\;C:\Program Files\Git\cmd;C:\WINDOWS\system32;C:\WINDOWS;C:\WINDOWS\System32\Wbem;C:\WINDOWS\System32\WindowsPowerShell\v1.0\;C:\WINDOWS\System32\OpenSSH\;C:\Program Files\Docker\Docker\resources\bin;C:\Program Files\nodejs\;C:\Users\ASUS\AppData\Local\Programs\Python\Python313\Scripts\;C:\Users\ASUS\AppData\Local\Programs\Python\Python313\;C:\Users\ASUS\AppData\Local\Microsoft\WindowsApps;D:\Microsoft VS Code\bin;C:\Users\ASUS\AppData\Local\Programs\cursor\resources\app\bin;C:\apache-maven-3.9.10\bin;C:\Users\ASUS\AppData\Roaming\npm
USERNAME=ASUS
OS=Windows_NT
PROCESSOR_IDENTIFIER=Intel64 Family 6 Model 154 Stepping 3, GenuineIntel
TMP=C:\Users\ASUS\AppData\Local\Temp
TEMP=C:\Users\ASUS\AppData\Local\Temp




Periodic native trim disabled

---------------  S Y S T E M  ---------------

OS:
 Windows 11 , 64 bit Build 26100 (10.0.26100.6725)
OS uptime: 3 days 1:20 hours
Hyper-V role detected

CPU: total 20 (initial active 20) (10 cores per cpu, 2 threads per core) family 6 model 154 stepping 3 microcode 0x434, cx8, cmov, fxsr, ht, mmx, 3dnowpref, sse, sse2, sse3, ssse3, sse4.1, sse4.2, popcnt, lzcnt, tsc, tscinvbit, avx, avx2, aes, erms, clmul, bmi1, bmi2, adx, sha, fma, vzeroupper, clflush, clflushopt, clwb, hv, serialize, rdtscp, rdpid, fsrm, gfni, f16c, cet_ibt, cet_ss
Processor Information for processor 0
  Max Mhz: 2300, Current Mhz: 2300, Mhz Limit: 2300
Processor Information for processor 1
  Max Mhz: 2300, Current Mhz: 2300, Mhz Limit: 2300
Processor Information for processor 2
  Max Mhz: 2300, Current Mhz: 2300, Mhz Limit: 2300
Processor Information for processor 3
  Max Mhz: 2300, Current Mhz: 1506, Mhz Limit: 2300
Processor Information for processor 4
  Max Mhz: 2300, Current Mhz: 2300, Mhz Limit: 2300
Processor Information for processor 5
  Max Mhz: 2300, Current Mhz: 2300, Mhz Limit: 2300
Processor Information for processor 6
  Max Mhz: 2300, Current Mhz: 2300, Mhz Limit: 2300
Processor Information for processor 7
  Max Mhz: 2300, Current Mhz: 1506, Mhz Limit: 2300
Processor Information for processor 8
  Max Mhz: 2300, Current Mhz: 2300, Mhz Limit: 2300
Processor Information for processor 9
  Max Mhz: 2300, Current Mhz: 1506, Mhz Limit: 2300
Processor Information for processor 10
  Max Mhz: 2300, Current Mhz: 2300, Mhz Limit: 2300
Processor Information for processor 11
  Max Mhz: 2300, Current Mhz: 1506, Mhz Limit: 2300
Processor Information for processor 12
  Max Mhz: 2300, Current Mhz: 1488, Mhz Limit: 2300
Processor Information for processor 13
  Max Mhz: 2300, Current Mhz: 2300, Mhz Limit: 2300
Processor Information for processor 14
  Max Mhz: 2300, Current Mhz: 1488, Mhz Limit: 2300
Processor Information for processor 15
  Max Mhz: 2300, Current Mhz: 2300, Mhz Limit: 2300
Processor Information for processor 16
  Max Mhz: 2300, Current Mhz: 1488, Mhz Limit: 2300
Processor Information for processor 17
  Max Mhz: 2300, Current Mhz: 1488, Mhz Limit: 2300
Processor Information for processor 18
  Max Mhz: 2300, Current Mhz: 1488, Mhz Limit: 2300
Processor Information for processor 19
  Max Mhz: 2300, Current Mhz: 1488, Mhz Limit: 2300

Memory: 4k page, system-wide physical 16011M (1889M free)
TotalPageFile size 40875M (AvailPageFile size 13M)
current process WorkingSet (physical memory assigned to process): 86M, peak: 86M
current process commit charge ("private bytes"): 379M, peak: 379M

vm_info: OpenJDK 64-Bit Server VM (24.0.2+12-54) for windows-amd64 JRE (24.0.2+12-54), built on 2025-07-08T12:10:27Z with MS VC++ 17.6 (VS2022)

END.
